Archive member included to satisfy reference by file (symbol)

.pio\build\genericCH32V203C8T6\lib446\libCRC.a(CRC.cpp.o)
                              (--whole-archive)
.pio\build\genericCH32V203C8T6\lib446\libCRC.a(CRC12.cpp.o)
                              (--whole-archive)
.pio\build\genericCH32V203C8T6\lib446\libCRC.a(CRC16.cpp.o)
                              (--whole-archive)
.pio\build\genericCH32V203C8T6\lib446\libCRC.a(CRC32.cpp.o)
                              (--whole-archive)
.pio\build\genericCH32V203C8T6\lib446\libCRC.a(CRC64.cpp.o)
                              (--whole-archive)
.pio\build\genericCH32V203C8T6\lib446\libCRC.a(CRC8.cpp.o)
                              (--whole-archive)
.pio\build\genericCH32V203C8T6\lib446\libCRC.a(CrcFastReverse.cpp.o)
                              (--whole-archive)
.pio\build\genericCH32V203C8T6\lib446\libCRC.a(FastCRC32.cpp.o)
                              (--whole-archive)
.pio\build\genericCH32V203C8T6\libFrameworkArduino.a(HardwareSerial.cpp.o)
                              (--whole-archive)
.pio\build\genericCH32V203C8T6\libFrameworkArduino.a(HardwareTimer.cpp.o)
                              (--whole-archive)
.pio\build\genericCH32V203C8T6\libFrameworkArduino.a(IPAddress.cpp.o)
                              (--whole-archive)
.pio\build\genericCH32V203C8T6\libFrameworkArduino.a(Print.cpp.o)
                              (--whole-archive)
.pio\build\genericCH32V203C8T6\libFrameworkArduino.a(Stream.cpp.o)
                              (--whole-archive)
.pio\build\genericCH32V203C8T6\libFrameworkArduino.a(Tone.cpp.o)
                              (--whole-archive)
.pio\build\genericCH32V203C8T6\libFrameworkArduino.a(WInterrupts.cpp.o)
                              (--whole-archive)
.pio\build\genericCH32V203C8T6\libFrameworkArduino.a(WMath.cpp.o)
                              (--whole-archive)
.pio\build\genericCH32V203C8T6\libFrameworkArduino.a(WString.cpp.o)
                              (--whole-archive)
.pio\build\genericCH32V203C8T6\libFrameworkArduino.a(abi.cpp.o)
                              (--whole-archive)
.pio\build\genericCH32V203C8T6\libFrameworkArduino.a(dtostrf.c.o)
                              (--whole-archive)
.pio\build\genericCH32V203C8T6\libFrameworkArduino.a(board.c.o)
                              (--whole-archive)
.pio\build\genericCH32V203C8T6\libFrameworkArduino.a(PortNames.c.o)
                              (--whole-archive)
.pio\build\genericCH32V203C8T6\libFrameworkArduino.a(analog.cpp.o)
                              (--whole-archive)
.pio\build\genericCH32V203C8T6\libFrameworkArduino.a(ch32_def.c.o)
                              (--whole-archive)
.pio\build\genericCH32V203C8T6\libFrameworkArduino.a(clock.c.o)
                              (--whole-archive)
.pio\build\genericCH32V203C8T6\libFrameworkArduino.a(hw_config.c.o)
                              (--whole-archive)
.pio\build\genericCH32V203C8T6\libFrameworkArduino.a(interrupt.cpp.o)
                              (--whole-archive)
.pio\build\genericCH32V203C8T6\libFrameworkArduino.a(ch32yyxx_adc.c.o)
                              (--whole-archive)
.pio\build\genericCH32V203C8T6\libFrameworkArduino.a(ch32yyxx_bkp.c.o)
                              (--whole-archive)
.pio\build\genericCH32V203C8T6\libFrameworkArduino.a(ch32yyxx_can.c.o)
                              (--whole-archive)
.pio\build\genericCH32V203C8T6\libFrameworkArduino.a(ch32yyxx_crc.c.o)
                              (--whole-archive)
.pio\build\genericCH32V203C8T6\libFrameworkArduino.a(ch32yyxx_dac.c.o)
                              (--whole-archive)
.pio\build\genericCH32V203C8T6\libFrameworkArduino.a(ch32yyxx_dbgmcu.c.o)
                              (--whole-archive)
.pio\build\genericCH32V203C8T6\libFrameworkArduino.a(ch32yyxx_debug.c.o)
                              (--whole-archive)
.pio\build\genericCH32V203C8T6\libFrameworkArduino.a(ch32yyxx_dma.c.o)
                              (--whole-archive)
.pio\build\genericCH32V203C8T6\libFrameworkArduino.a(ch32yyxx_dvp.c.o)
                              (--whole-archive)
.pio\build\genericCH32V203C8T6\libFrameworkArduino.a(ch32yyxx_eth.c.o)
                              (--whole-archive)
.pio\build\genericCH32V203C8T6\libFrameworkArduino.a(ch32yyxx_exti.c.o)
                              (--whole-archive)
.pio\build\genericCH32V203C8T6\libFrameworkArduino.a(ch32yyxx_flash.c.o)
                              (--whole-archive)
.pio\build\genericCH32V203C8T6\libFrameworkArduino.a(ch32yyxx_fsmc.c.o)
                              (--whole-archive)
.pio\build\genericCH32V203C8T6\libFrameworkArduino.a(ch32yyxx_gpio.c.o)
                              (--whole-archive)
.pio\build\genericCH32V203C8T6\libFrameworkArduino.a(ch32yyxx_i2c.c.o)
                              (--whole-archive)
.pio\build\genericCH32V203C8T6\libFrameworkArduino.a(ch32yyxx_it.c.o)
                              (--whole-archive)
[...]
Memory Configuration

Name             Origin             Length             Attributes
FLASH            0x0000000000000000 0x0000000000010000 xr
RAM              0x0000000020000000 0x0000000000005000 xrw
*default*        0x0000000000000000 0xffffffffffffffff

Linker script and memory map

LOAD .pio\build\genericCH32V203C8T6\FrameworkArduinoVariant\PeripheralPins.c.o
LOAD .pio\build\genericCH32V203C8T6\FrameworkArduinoVariant\variant_CH32V203C8.cpp.o
LOAD .pio\build\genericCH32V203C8T6\src\BambuBus.cpp.o
LOAD .pio\build\genericCH32V203C8T6\src\Debug_log.cpp.o
LOAD .pio\build\genericCH32V203C8T6\src\Flash_saves.cpp.o
LOAD .pio\build\genericCH32V203C8T6\src\Motion_control.cpp.o
LOAD .pio\build\genericCH32V203C8T6\src\main.cpp.o
LOAD .pio\build\genericCH32V203C8T6\src\many_soft_AS5600.cpp.o
LOAD .pio\build\genericCH32V203C8T6\src\time64.cpp.o
LOAD .pio\build\genericCH32V203C8T6\src\ws2812.cpp.o
START GROUP
LOAD c:/users/hoang/.platformio/packages/toolchain-riscv/bin/../lib/gcc/riscv-none-embed/8.2.0/../../../../riscv-none-embed/lib/rv32imacxw/ilp32\libprintf.a
LOAD .pio\build\genericCH32V203C8T6\lib446\libCRC.a
LOAD .pio\build\genericCH32V203C8T6\libFrameworkArduino.a
END GROUP
LOAD c:/users/hoang/.platformio/packages/toolchain-riscv/bin/../lib/gcc/riscv-none-embed/8.2.0/../../../../riscv-none-embed/lib/rv32imacxw/ilp32\libstdc++_nano.a
LOAD c:/users/hoang/.platformio/packages/toolchain-riscv/bin/../lib/gcc/riscv-none-embed/8.2.0/../../../../riscv-none-embed/lib/rv32imacxw/ilp32\libm.a
LOAD c:/users/hoang/.platformio/packages/toolchain-riscv/bin/../lib/gcc/riscv-none-embed/8.2.0/../../../../riscv-none-embed/lib/rv32imacxw/ilp32\libc_nano.a
LOAD c:/users/hoang/.platformio/packages/toolchain-riscv/bin/../lib/gcc/riscv-none-embed/8.2.0/rv32imacxw/ilp32\libgcc.a
LOAD c:/users/hoang/.platformio/packages/toolchain-riscv/bin/../lib/gcc/riscv-none-embed/8.2.0/../../../../riscv-none-embed/lib/rv32imacxw/ilp32\libc_nano.a
LOAD c:/users/hoang/.platformio/packages/toolchain-riscv/bin/../lib/gcc/riscv-none-embed/8.2.0/rv32imacxw/ilp32\libgcc.a
START GROUP
LOAD c:/users/hoang/.platformio/packages/toolchain-riscv/bin/../lib/gcc/riscv-none-embed/8.2.0/rv32imacxw/ilp32\libgcc.a
LOAD c:/users/hoang/.platformio/packages/toolchain-riscv/bin/../lib/gcc/riscv-none-embed/8.2.0/../../../../riscv-none-embed/lib/rv32imacxw/ilp32\libc_nano.a
LOAD c:/users/hoang/.platformio/packages/toolchain-riscv/bin/../lib/gcc/riscv-none-embed/8.2.0/../../../../riscv-none-embed/lib/rv32imacxw/ilp32\libnosys.a
END GROUP
START GROUP
LOAD c:/users/hoang/.platformio/packages/toolchain-riscv/bin/../lib/gcc/riscv-none-embed/8.2.0/rv32imacxw/ilp32\libgcc.a
LOAD c:/users/hoang/.platformio/packages/toolchain-riscv/bin/../lib/gcc/riscv-none-embed/8.2.0/../../../../riscv-none-embed/lib/rv32imacxw/ilp32\libc_nano.a
LOAD c:/users/hoang/.platformio/packages/toolchain-riscv/bin/../lib/gcc/riscv-none-embed/8.2.0/../../../../riscv-none-embed/lib/rv32imacxw/ilp32\libnosys.a
END GROUP
                0x0000000000010000                __flash_size = DEFINED (__FLASH_SIZE)?__FLASH_SIZE:0x10000
                0x0000000000005000                __ram_size = DEFINED (__RAM_SIZE)?__RAM_SIZE:0x5000
                0x0000000000000800                __stack_size = DEFINED (__STACK_SIZE)?__STACK_SIZE:0x800
                [!provide]                        PROVIDE (_stack_size = __stack_size)

.init           0x0000000000000000       0x38
                0x0000000000000000                _sinit = .
                0x0000000000000000                . = ALIGN (0x4)
 *(SORT_NONE(.init))
 .init          0x0000000000000000       0x38 .pio\build\genericCH32V203C8T6\libFrameworkArduino.a(startup_ch32yyxx.S.o)
                0x0000000000000000                _start
                0x0000000000000038                . = ALIGN (0x4)
                0x0000000000000038                _einit = .

.vector         0x0000000000000038      0x108
 *(.vector)
 .vector        0x0000000000000038       0xfc .pio\build\genericCH32V203C8T6\libFrameworkArduino.a(startup_ch32yyxx.S.o)
                0x0000000000000140                . = ALIGN (0x40)
 *fill*         0x0000000000000134        0xc 

.text           0x0000000000000140     0x7f2c
                0x0000000000000140                . = ALIGN (0x4)
 *(.text)
 .text          0x0000000000000140       0x60 c:/users/hoang/.platformio/packages/toolchain-riscv/bin/../lib/gcc/riscv-none-embed/8.2.0/rv32imacxw/ilp32\libgcc.a(save-restore.o)
                0x0000000000000140                __riscv_save_12
                0x0000000000000148                __riscv_save_9
                0x0000000000000148                __riscv_save_11
                0x0000000000000148                __riscv_save_10
                0x0000000000000148                __riscv_save_8
                0x0000000000000156                __riscv_save_4
                0x0000000000000156                __riscv_save_6
                0x0000000000000156                __riscv_save_5
                0x0000000000000156                __riscv_save_7
                0x0000000000000170                __riscv_save_3
                0x0000000000000170                __riscv_save_2
                0x0000000000000170                __riscv_save_1
                0x0000000000000170                __riscv_save_0
                0x000000000000017c                __riscv_restore_12
                0x0000000000000180                __riscv_restore_11
                0x0000000000000180                __riscv_restore_9
                0x0000000000000180                __riscv_restore_10
                0x0000000000000180                __riscv_restore_8
                0x000000000000018a                __riscv_restore_5
                0x000000000000018a                __riscv_restore_7
                0x000000000000018a                __riscv_restore_6
                0x000000000000018a                __riscv_restore_4
                0x0000000000000194                __riscv_restore_3
                0x0000000000000194                __riscv_restore_0
                0x0000000000000194                __riscv_restore_2
                0x0000000000000194                __riscv_restore_1
 *(.text.*)
 .text.Bambubus_read
                0x00000000000001a0       0x3e .pio\build\genericCH32V203C8T6\src\BambuBus.cpp.o
                0x00000000000001a0                Bambubus_read
 .text._Z13Bambubus_savev
                0x00000000000001de       0x1a .pio\build\genericCH32V203C8T6\src\BambuBus.cpp.o
                0x00000000000001de                Bambubus_save()
 .text.get_now_filament_num
                0x00000000000001f8        0xa .pio\build\genericCH32V203C8T6\src\BambuBus.cpp.o
                0x00000000000001f8                get_now_filament_num
 .text.get_now_BambuBus_device_type
                0x0000000000000202        0x6 .pio\build\genericCH32V203C8T6\src\BambuBus.cpp.o
                0x0000000000000202                get_now_BambuBus_device_type
 .text.add_filament_meters
                0x0000000000000208       0x36 .pio\build\genericCH32V203C8T6\src\BambuBus.cpp.o
                0x0000000000000208                add_filament_meters
 .text.set_filament_online
                0x000000000000023e       0x2e .pio\build\genericCH32V203C8T6\src\BambuBus.cpp.o
                0x000000000000023e                set_filament_online
 .text.get_filament_online
                0x000000000000026c       0x22 .pio\build\genericCH32V203C8T6\src\BambuBus.cpp.o
                0x000000000000026c                get_filament_online
 .text.set_filament_motion
                0x000000000000028e       0x24 .pio\build\genericCH32V203C8T6\src\BambuBus.cpp.o
                0x000000000000028e                set_filament_motion
 .text.get_filament_motion
                0x00000000000002b2       0x28 .pio\build\genericCH32V203C8T6\src\BambuBus.cpp.o
                0x00000000000002b2                get_filament_motion
 .text._Z6RX_IRQh
                0x00000000000002da       0xee .pio\build\genericCH32V203C8T6\src\BambuBus.cpp.o
                0x00000000000002da                RX_IRQ(unsigned char)
 .text._Z9send_uartPKht
                0x00000000000003c8       0x56 .pio\build\genericCH32V203C8T6\src\BambuBus.cpp.o
                0x00000000000003c8                send_uart(unsigned char const*, unsigned short)
 .text._Z18BambuBUS_UART_Initv
                0x000000000000041e      0x114 .pio\build\genericCH32V203C8T6\src\BambuBus.cpp.o
                0x000000000000041e                BambuBUS_UART_Init()
 .text.USART1_IRQHandler
                0x0000000000000532       0x58 .pio\build\genericCH32V203C8T6\src\BambuBus.cpp.o
                0x0000000000000532                USART1_IRQHandler
 .text.BambuBus_init
                0x000000000000058a      0x146 .pio\build\genericCH32V203C8T6\src\BambuBus.cpp.o
                0x000000000000058a                BambuBus_init
 .text._Z19package_check_crc16Phi
                0x00000000000006d0       0x5a .pio\build\genericCH32V203C8T6\src\BambuBus.cpp.o
                0x00000000000006d0                package_check_crc16(unsigned char*, int)
 .text._Z21package_send_with_crcPhi
                0x000000000000072a       0xb8 .pio\build\genericCH32V203C8T6\src\BambuBus.cpp.o
                0x000000000000072a                package_send_with_crc(unsigned char*, int)
 .text._Z26Bambubus_long_package_sendP16long_packge_data
                0x00000000000007e2       0x66 .pio\build\genericCH32V203C8T6\src\BambuBus.cpp.o
                0x00000000000007e2                Bambubus_long_package_send(long_packge_data*)
 .text._Z30Bambubus_long_package_analysisPhiP16long_packge_data
                0x0000000000000848       0x40 .pio\build\genericCH32V203C8T6\src\BambuBus.cpp.o
                0x0000000000000848                Bambubus_long_package_analysis(unsigned char*, int, long_packge_data*)
 .text._Z15get_packge_typePhi
                0x0000000000000888       0xca .pio\build\genericCH32V203C8T6\src\BambuBus.cpp.o
                0x0000000000000888                get_packge_type(unsigned char*, int)
 .text._Z22get_filament_left_charh
                0x0000000000000952       0x5e .pio\build\genericCH32V203C8T6\src\BambuBus.cpp.o
                0x0000000000000952                get_filament_left_char(unsigned char)
 .text._Z20set_motion_res_datasPhhh
                0x00000000000009b0       0x7a .pio\build\genericCH32V203C8T6\src\BambuBus.cpp.o
                0x00000000000009b0                set_motion_res_datas(unsigned char*, unsigned char, unsigned char)
 .text._Z10set_motionhhhh
                0x0000000000000a2a      0x318 .pio\build\genericCH32V203C8T6\src\BambuBus.cpp.o
                0x0000000000000a2a                set_motion(unsigned char, unsigned char, unsigned char, unsigned char)
 .text._Z21send_for_motion_shortPhi
                0x0000000000000d42       0x5c .pio\build\genericCH32V203C8T6\src\BambuBus.cpp.o
                0x0000000000000d42                send_for_motion_short(unsigned char*, int)
 .text._Z20send_for_motion_longPhi
                0x0000000000000d9e       0xf2 .pio\build\genericCH32V203C8T6\src\BambuBus.cpp.o
                0x0000000000000d9e                send_for_motion_long(unsigned char*, int)
 .text._Z22send_for_online_detectPhi
                0x0000000000000e90       0x5c .pio\build\genericCH32V203C8T6\src\BambuBus.cpp.o
                0x0000000000000e90                send_for_online_detect(unsigned char*, int)
 .text._Z30send_for_long_packge_MC_onlinePhi
                0x0000000000000eec       0xac .pio\build\genericCH32V203C8T6\src\BambuBus.cpp.o
                0x0000000000000eec                send_for_long_packge_MC_online(unsigned char*, int)
 .text._Z29send_for_long_packge_filamentPhi
                0x0000000000000f98      0x11a .pio\build\genericCH32V203C8T6\src\BambuBus.cpp.o
                0x0000000000000f98                send_for_long_packge_filament(unsigned char*, int)
 .text._Z28send_for_long_packge_versionPhi
                0x00000000000010b2      0x120 .pio\build\genericCH32V203C8T6\src\BambuBus.cpp.o
                0x00000000000010b2                send_for_long_packge_version(unsigned char*, int)
 .text._Z21send_for_set_filamentPhi
                0x00000000000011d2       0x80 .pio\build\genericCH32V203C8T6\src\BambuBus.cpp.o
                0x00000000000011d2                send_for_set_filament(unsigned char*, int)
 .text.BambuBus_run
                0x0000000000001252       0xf2 .pio\build\genericCH32V203C8T6\src\BambuBus.cpp.o
                0x0000000000001252                BambuBus_run
 .text.startup._GLOBAL__sub_I_crc_16
                0x0000000000001344       0x44 .pio\build\genericCH32V203C8T6\src\BambuBus.cpp.o
 .text.Debug_log_init
                0x0000000000001388       0xf4 .pio\build\genericCH32V203C8T6\src\Debug_log.cpp.o
                0x0000000000001388                Debug_log_init
 .text.Debug_log_write_num
                0x000000000000147c       0x4e .pio\build\genericCH32V203C8T6\src\Debug_log.cpp.o
                0x000000000000147c                Debug_log_write_num
 .text._Z11Flash_savesPvmm
                0x00000000000014ca       0x92 .pio\build\genericCH32V203C8T6\src\Flash_saves.cpp.o
                0x00000000000014ca                Flash_saves(void*, unsigned long, unsigned long)
 .text._Z19Motion_control_readv
                0x000000000000155c       0x2e .pio\build\genericCH32V203C8T6\src\Motion_control.cpp.o
                0x000000000000155c                Motion_control_read()
 .text._Z19Motion_control_savev
                0x000000000000158a       0x14 .pio\build\genericCH32V203C8T6\src\Motion_control.cpp.o
                0x000000000000158a                Motion_control_save()
 .text._ZN14_MOTOR_CONTROLC2Ei
                0x000000000000159e       0x56 .pio\build\genericCH32V203C8T6\src\Motion_control.cpp.o
                0x000000000000159e                _MOTOR_CONTROL::_MOTOR_CONTROL(int)
                0x000000000000159e                _MOTOR_CONTROL::_MOTOR_CONTROL(int)
 .text._ZN14_MOTOR_CONTROL10set_motionEiy
                0x00000000000015f4       0x3a .pio\build\genericCH32V203C8T6\src\Motion_control.cpp.o
                0x00000000000015f4                _MOTOR_CONTROL::set_motion(int, unsigned long long)
 .text._Z16MC_PULL_key_readv
                0x000000000000162e       0x2c .pio\build\genericCH32V203C8T6\src\Motion_control.cpp.o
                0x000000000000162e                MC_PULL_key_read()
 .text._Z16MC_PULL_key_initv
                0x000000000000165a       0x32 .pio\build\genericCH32V203C8T6\src\Motion_control.cpp.o
                0x000000000000165a                MC_PULL_key_init()
 .text._Z18MC_ONLINE_key_readv
                0x000000000000168c       0x96 .pio\build\genericCH32V203C8T6\src\Motion_control.cpp.o
                0x000000000000168c                MC_ONLINE_key_read()
 .text._Z18MC_ONLINE_key_initv
                0x0000000000001722       0x52 .pio\build\genericCH32V203C8T6\src\Motion_control.cpp.o
                0x0000000000001722                MC_ONLINE_key_init()
 .text._Z22Motion_control_set_PWMhi
                0x0000000000001774       0x92 .pio\build\genericCH32V203C8T6\src\Motion_control.cpp.o
                0x0000000000001774                Motion_control_set_PWM(unsigned char, int)
 .text._ZN14_MOTOR_CONTROL3runEf
                0x0000000000001806      0x220 .pio\build\genericCH32V203C8T6\src\Motion_control.cpp.o
                0x0000000000001806                _MOTOR_CONTROL::run(float)
 .text._Z22AS5600_distance_updatav
                0x0000000000001a26      0x140 .pio\build\genericCH32V203C8T6\src\Motion_control.cpp.o
                0x0000000000001a26                AS5600_distance_updata()
 .text._Z45motor_motion_filamnet_pull_back_to_online_keyv
                0x0000000000001b66       0xb4 .pio\build\genericCH32V203C8T6\src\Motion_control.cpp.o
                0x0000000000001b66                motor_motion_filamnet_pull_back_to_online_key()
 .text._Z19motor_motion_switchv
                0x0000000000001c1a      0x190 .pio\build\genericCH32V203C8T6\src\Motion_control.cpp.o
                0x0000000000001c1a                motor_motion_switch()
 .text._Z16motor_motion_runi
                0x0000000000001daa       0x84 .pio\build\genericCH32V203C8T6\src\Motion_control.cpp.o
                0x0000000000001daa                motor_motion_run(int)
 .text._Z18Motion_control_runi
                0x0000000000001e2e       0xf6 .pio\build\genericCH32V203C8T6\src\Motion_control.cpp.o
                0x0000000000001e2e                Motion_control_run(int)
 .text._Z11MC_PWM_initv
                0x0000000000001f24      0x16c .pio\build\genericCH32V203C8T6\src\Motion_control.cpp.o
                0x0000000000001f24                MC_PWM_init()
 .text._Z15M5600_angle_disss
                0x0000000000002090       0x2c .pio\build\genericCH32V203C8T6\src\Motion_control.cpp.o
                0x0000000000002090                M5600_angle_dis(short, short)
 .text._Z13MOTOR_get_dirv
                0x00000000000020bc      0x16a .pio\build\genericCH32V203C8T6\src\Motion_control.cpp.o
                0x00000000000020bc                MOTOR_get_dir()
 .text._Z10MOTOR_initv
                0x0000000000002226       0x82 .pio\build\genericCH32V203C8T6\src\Motion_control.cpp.o
                0x0000000000002226                MOTOR_init()
 .text._Z19Motion_control_initv
                0x00000000000022a8       0x26 .pio\build\genericCH32V203C8T6\src\Motion_control.cpp.o
                0x00000000000022a8                Motion_control_init()
 .text.startup._GLOBAL__sub_I_MC_AS5600
                0x00000000000022ce       0x46 .pio\build\genericCH32V203C8T6\src\Motion_control.cpp.o
 .text.exit._GLOBAL__sub_D_MC_AS5600
                0x0000000000002314        0xe .pio\build\genericCH32V203C8T6\src\Motion_control.cpp.o
 .text._Z8RGB_initv
                0x0000000000002322       0x4e .pio\build\genericCH32V203C8T6\src\main.cpp.o
                0x0000000000002322                RGB_init()
 .text._Z10RGB_updatev
                0x0000000000002370       0x34 .pio\build\genericCH32V203C8T6\src\main.cpp.o
                0x0000000000002370                RGB_update()
 .text._Z7RGB_sethhhh
                0x00000000000023a4       0x1a .pio\build\genericCH32V203C8T6\src\main.cpp.o
                0x00000000000023a4                RGB_set(unsigned char, unsigned char, unsigned char, unsigned char)
 .text.setup    0x00000000000023be       0x86 .pio\build\genericCH32V203C8T6\src\main.cpp.o
                0x00000000000023be                setup
 .text.loop     0x0000000000002444       0x6e .pio\build\genericCH32V203C8T6\src\main.cpp.o
                0x0000000000002444                loop
 .text.exit._GLOBAL__sub_D_SYS_RGB
                0x00000000000024b2       0x28 .pio\build\genericCH32V203C8T6\src\main.cpp.o
 .text._ZN20AS5600_soft_IIC_manyC2Ev
                0x00000000000024da        0x6 .pio\build\genericCH32V203C8T6\src\many_soft_AS5600.cpp.o
                0x00000000000024da                AS5600_soft_IIC_many::AS5600_soft_IIC_many()
                0x00000000000024da                AS5600_soft_IIC_many::AS5600_soft_IIC_many()
 .text._ZN20AS5600_soft_IIC_manyD2Ev
                0x00000000000024e0       0x6a .pio\build\genericCH32V203C8T6\src\many_soft_AS5600.cpp.o
                0x00000000000024e0                AS5600_soft_IIC_many::~AS5600_soft_IIC_many()
                0x00000000000024e0                AS5600_soft_IIC_many::~AS5600_soft_IIC_many()
 .text._ZN20AS5600_soft_IIC_many11clear_datasEv
                0x000000000000254a       0x26 .pio\build\genericCH32V203C8T6\src\many_soft_AS5600.cpp.o
                0x000000000000254a                AS5600_soft_IIC_many::clear_datas()
 .text._ZN20AS5600_soft_IIC_many8init_iicEv
                0x0000000000002570       0x52 .pio\build\genericCH32V203C8T6\src\many_soft_AS5600.cpp.o
                0x0000000000002570                AS5600_soft_IIC_many::init_iic()
 .text._ZN20AS5600_soft_IIC_many8read_iicEb
                0x00000000000025c2      0x616 .pio\build\genericCH32V203C8T6\src\many_soft_AS5600.cpp.o
                0x00000000000025c2                AS5600_soft_IIC_many::read_iic(bool)
 .text._ZN20AS5600_soft_IIC_many12wait_ack_iicEv
                0x0000000000002bd8      0x244 .pio\build\genericCH32V203C8T6\src\many_soft_AS5600.cpp.o
                0x0000000000002bd8                AS5600_soft_IIC_many::wait_ack_iic()
 .text._ZN20AS5600_soft_IIC_many9write_iicEh
                0x0000000000002e1c      0x248 .pio\build\genericCH32V203C8T6\src\many_soft_AS5600.cpp.o
                0x0000000000002e1c                AS5600_soft_IIC_many::write_iic(unsigned char)
 .text._ZN20AS5600_soft_IIC_many9start_iicEh
                0x0000000000003064      0x30e .pio\build\genericCH32V203C8T6\src\many_soft_AS5600.cpp.o
                0x0000000000003064                AS5600_soft_IIC_many::start_iic(unsigned char)
 .text._ZN20AS5600_soft_IIC_many9read_reg8Eh
                0x0000000000003372       0x3a .pio\build\genericCH32V203C8T6\src\many_soft_AS5600.cpp.o
                0x0000000000003372                AS5600_soft_IIC_many::read_reg8(unsigned char)
 .text._ZN20AS5600_soft_IIC_many10updata_stuEv
                0x00000000000033ac       0x72 .pio\build\genericCH32V203C8T6\src\many_soft_AS5600.cpp.o
                0x00000000000033ac                AS5600_soft_IIC_many::updata_stu()
 .text._ZN20AS5600_soft_IIC_many4initEPmS0_i
                0x000000000000341e      0x29e .pio\build\genericCH32V203C8T6\src\many_soft_AS5600.cpp.o
                0x000000000000341e                AS5600_soft_IIC_many::init(unsigned long*, unsigned long*, int)
 .text._ZN20AS5600_soft_IIC_many10read_reg16Eh
                0x00000000000036bc       0x42 .pio\build\genericCH32V203C8T6\src\many_soft_AS5600.cpp.o
                0x00000000000036bc                AS5600_soft_IIC_many::read_reg16(unsigned char)
 .text._ZN20AS5600_soft_IIC_many12updata_angleEv
                0x00000000000036fe       0x4e .pio\build\genericCH32V203C8T6\src\many_soft_AS5600.cpp.o
                0x00000000000036fe                AS5600_soft_IIC_many::updata_angle()
 .text._Z10get_time64v
                0x000000000000374c       0x2a .pio\build\genericCH32V203C8T6\src\time64.cpp.o
                0x000000000000374c                get_time64()
 .text._ZN12WS2812_classD2Ev
                0x0000000000003776       0x10 .pio\build\genericCH32V203C8T6\src\ws2812.cpp.o
                0x0000000000003776                WS2812_class::~WS2812_class()
                0x0000000000003776                WS2812_class::~WS2812_class()
 .text._ZN12WS2812_class5clearEv
                0x0000000000003786       0x24 .pio\build\genericCH32V203C8T6\src\ws2812.cpp.o
                0x0000000000003786                WS2812_class::clear()
 .text._ZN12WS2812_class4initEhm
                0x00000000000037aa      0x100 .pio\build\genericCH32V203C8T6\src\ws2812.cpp.o
                0x00000000000037aa                WS2812_class::init(unsigned char, unsigned long)
 .text._ZN12WS2812_class3RSTEv
                0x00000000000038aa       0xda .pio\build\genericCH32V203C8T6\src\ws2812.cpp.o
                0x00000000000038aa                WS2812_class::RST()
 .text._ZN12WS2812_class6updataEv
                0x0000000000003984       0x9c .pio\build\genericCH32V203C8T6\src\ws2812.cpp.o
                0x0000000000003984                WS2812_class::updata()
 .text._ZN12WS2812_class7set_RGBEhhhh
                0x0000000000003a20       0x66 .pio\build\genericCH32V203C8T6\src\ws2812.cpp.o
                0x0000000000003a20                WS2812_class::set_RGB(unsigned char, unsigned char, unsigned char, unsigned char)
 .text._ZN5CRC16C2Etttbb
                0x0000000000003a86       0x12 .pio\build\genericCH32V203C8T6\lib446\libCRC.a(CRC16.cpp.o)
                0x0000000000003a86                CRC16::CRC16(unsigned short, unsigned short, unsigned short, bool, bool)
                0x0000000000003a86                CRC16::CRC16(unsigned short, unsigned short, unsigned short, bool, bool)
 .text._ZN5CRC165resetEtttbb
                0x0000000000003a98       0x12 .pio\build\genericCH32V203C8T6\lib446\libCRC.a(CRC16.cpp.o)
                0x0000000000003a98                CRC16::reset(unsigned short, unsigned short, unsigned short, bool, bool)
 .text._ZN5CRC167restartEv
                0x0000000000003aaa        0xa .pio\build\genericCH32V203C8T6\lib446\libCRC.a(CRC16.cpp.o)
                0x0000000000003aaa                CRC16::restart()
 .text._ZNK5CRC164calcEv
                0x0000000000003ab4       0x1a .pio\build\genericCH32V203C8T6\lib446\libCRC.a(CRC16.cpp.o)
                0x0000000000003ab4                CRC16::calc() const
 .text._ZN5CRC164_addEh
                0x0000000000003ace       0x3e .pio\build\genericCH32V203C8T6\lib446\libCRC.a(CRC16.cpp.o)
                0x0000000000003ace                CRC16::_add(unsigned char)
 .text._ZN5CRC163addEh
                0x0000000000003b0c       0x12 .pio\build\genericCH32V203C8T6\lib446\libCRC.a(CRC16.cpp.o)
                0x0000000000003b0c                CRC16::add(unsigned char)
 .text._ZN4CRC8C2Ehhhbb
                0x0000000000003b1e       0x12 .pio\build\genericCH32V203C8T6\lib446\libCRC.a(CRC8.cpp.o)
                0x0000000000003b1e                CRC8::CRC8(unsigned char, unsigned char, unsigned char, bool, bool)
                0x0000000000003b1e                CRC8::CRC8(unsigned char, unsigned char, unsigned char, bool, bool)
 .text._ZN4CRC85resetEhhhbb
                0x0000000000003b30       0x12 .pio\build\genericCH32V203C8T6\lib446\libCRC.a(CRC8.cpp.o)
                0x0000000000003b30                CRC8::reset(unsigned char, unsigned char, unsigned char, bool, bool)
 .text._ZN4CRC87restartEv
                0x0000000000003b42        0xa .pio\build\genericCH32V203C8T6\lib446\libCRC.a(CRC8.cpp.o)
                0x0000000000003b42                CRC8::restart()
 .text._ZNK4CRC84calcEv
                0x0000000000003b4c       0x1a .pio\build\genericCH32V203C8T6\lib446\libCRC.a(CRC8.cpp.o)
                0x0000000000003b4c                CRC8::calc() const
 .text._ZN4CRC84_addEh
                0x0000000000003b66       0x3a .pio\build\genericCH32V203C8T6\lib446\libCRC.a(CRC8.cpp.o)
                0x0000000000003b66                CRC8::_add(unsigned char)
 .text._ZN4CRC83addEh
                0x0000000000003ba0       0x12 .pio\build\genericCH32V203C8T6\lib446\libCRC.a(CRC8.cpp.o)
                0x0000000000003ba0                CRC8::add(unsigned char)
 .text._Z12reverse8bitsh
                0x0000000000003bb2       0x32 .pio\build\genericCH32V203C8T6\lib446\libCRC.a(CrcFastReverse.cpp.o)
                0x0000000000003bb2                reverse8bits(unsigned char)
 .text._Z13reverse16bitst
                0x0000000000003be4       0x62 .pio\build\genericCH32V203C8T6\lib446\libCRC.a(CrcFastReverse.cpp.o)
                0x0000000000003be4                reverse16bits(unsigned short)
 .text._ZN5Print17availableForWriteEv
                0x0000000000003c46        0x4 .pio\build\genericCH32V203C8T6\libFrameworkArduino.a(HardwareSerial.cpp.o)
                0x0000000000003c46                Print::availableForWrite()
 .text._ZN5Print5flushEv
                0x0000000000003c4a        0x2 .pio\build\genericCH32V203C8T6\libFrameworkArduino.a(HardwareSerial.cpp.o)
                0x0000000000003c4a                Print::flush()
 .text._ZN14HardwareSerial9availableEv
                0x0000000000003c4c        0x4 .pio\build\genericCH32V203C8T6\libFrameworkArduino.a(HardwareSerial.cpp.o)
                0x0000000000003c4c                HardwareSerial::available()
                0x0000000000003c4c                HardwareSerial::peek()
 .text._ZN14HardwareSerial5writeEh
                0x0000000000003c50       0x1a .pio\build\genericCH32V203C8T6\libFrameworkArduino.a(HardwareSerial.cpp.o)
                0x0000000000003c50                HardwareSerial::write(unsigned char)
 .text._ZN14HardwareSerial4readEv
                0x0000000000003c6a       0x1e .pio\build\genericCH32V203C8T6\libFrameworkArduino.a(HardwareSerial.cpp.o)
                0x0000000000003c6a                HardwareSerial::read()
 .text._ZN14HardwareSerial5writeEPKhj
                0x0000000000003c88       0x10 .pio\build\genericCH32V203C8T6\libFrameworkArduino.a(HardwareSerial.cpp.o)
                0x0000000000003c88                HardwareSerial::write(unsigned char const*, unsigned int)
 .text._ZN14HardwareSerial5setRxEm
                0x0000000000003c98       0x5a .pio\build\genericCH32V203C8T6\libFrameworkArduino.a(HardwareSerial.cpp.o)
                0x0000000000003c98                HardwareSerial::setRx(unsigned long)
 .text._ZN14HardwareSerial5setTxEm
                0x0000000000003cf2       0x5a .pio\build\genericCH32V203C8T6\libFrameworkArduino.a(HardwareSerial.cpp.o)
                0x0000000000003cf2                HardwareSerial::setTx(unsigned long)
 .text._ZN14HardwareSerialC2EPv
                0x0000000000003d4c       0x3e .pio\build\genericCH32V203C8T6\libFrameworkArduino.a(HardwareSerial.cpp.o)
                0x0000000000003d4c                HardwareSerial::HardwareSerial(void*)
                0x0000000000003d4c                HardwareSerial::HardwareSerial(void*)
 .text.startup._GLOBAL__sub_I__ZN14HardwareSerialC2EPv
                0x0000000000003d8a       0x18 .pio\build\genericCH32V203C8T6\libFrameworkArduino.a(HardwareSerial.cpp.o)
 .text._ZNSt8functionIFvvEEaSEDn.isra.3
                0x0000000000003da2       0x1e .pio\build\genericCH32V203C8T6\libFrameworkArduino.a(HardwareTimer.cpp.o)
 .text._ZNSt14_Function_baseD2Ev
                0x0000000000003dc0       0x14 .pio\build\genericCH32V203C8T6\libFrameworkArduino.a(HardwareTimer.cpp.o)
                0x0000000000003dc0                std::_Function_base::~_Function_base()
                0x0000000000003dc0                std::_Function_base::~_Function_base()
 .text._Z15get_timer_indexP11TIM_TypeDef
                0x0000000000003dd4       0x44 .pio\build\genericCH32V203C8T6\libFrameworkArduino.a(HardwareTimer.cpp.o)
                0x0000000000003dd4                get_timer_index(TIM_TypeDef*)
 .text._ZN13HardwareTimerD2Ev
                0x0000000000003e18       0x40 .pio\build\genericCH32V203C8T6\libFrameworkArduino.a(HardwareTimer.cpp.o)
                0x0000000000003e18                HardwareTimer::~HardwareTimer()
                0x0000000000003e18                HardwareTimer::~HardwareTimer()
 .text._ZN13HardwareTimer5setupEP11TIM_TypeDef
                0x0000000000003e58       0xb0 .pio\build\genericCH32V203C8T6\libFrameworkArduino.a(HardwareTimer.cpp.o)
                0x0000000000003e58                HardwareTimer::setup(TIM_TypeDef*)
 .text._ZN13HardwareTimerC2EP11TIM_TypeDef
                0x0000000000003f08       0x4a .pio\build\genericCH32V203C8T6\libFrameworkArduino.a(HardwareTimer.cpp.o)
                0x0000000000003f08                HardwareTimer::HardwareTimer(TIM_TypeDef*)
                0x0000000000003f08                HardwareTimer::HardwareTimer(TIM_TypeDef*)
 .text._ZNKSt8functionIFvvEEclEv
                0x0000000000003f52       0x14 .pio\build\genericCH32V203C8T6\libFrameworkArduino.a(HardwareTimer.cpp.o)
                0x0000000000003f52                std::function<void ()>::operator()() const
 .text._ZN13HardwareTimer14updateCallbackEP17TIM_HandleTypeDef
                0x0000000000003f66       0x3c .pio\build\genericCH32V203C8T6\libFrameworkArduino.a(HardwareTimer.cpp.o)
                0x0000000000003f66                HardwareTimer::updateCallback(TIM_HandleTypeDef*)
 .text.TIM1_UP_IRQHandler
                0x0000000000003fa2       0x10 .pio\build\genericCH32V203C8T6\libFrameworkArduino.a(HardwareTimer.cpp.o)
                0x0000000000003fa2                TIM1_UP_IRQHandler
 .text._ZN13HardwareTimer22captureCompareCallbackEP17TIM_HandleTypeDef
                0x0000000000003fb2       0x9a .pio\build\genericCH32V203C8T6\libFrameworkArduino.a(HardwareTimer.cpp.o)
                0x0000000000003fb2                HardwareTimer::captureCompareCallback(TIM_HandleTypeDef*)
 .text.TIM1_CC_IRQHandler
                0x000000000000404c       0x10 .pio\build\genericCH32V203C8T6\libFrameworkArduino.a(HardwareTimer.cpp.o)
                0x000000000000404c                TIM1_CC_IRQHandler
 .text.TIM2_IRQHandler
                0x000000000000405c       0x22 .pio\build\genericCH32V203C8T6\libFrameworkArduino.a(HardwareTimer.cpp.o)
                0x000000000000405c                TIM2_IRQHandler
 .text.TIM3_IRQHandler
                0x000000000000407e       0x22 .pio\build\genericCH32V203C8T6\libFrameworkArduino.a(HardwareTimer.cpp.o)
                0x000000000000407e                TIM3_IRQHandler
 .text.TIM4_IRQHandler
                0x00000000000040a0       0x22 .pio\build\genericCH32V203C8T6\libFrameworkArduino.a(HardwareTimer.cpp.o)
                0x00000000000040a0                TIM4_IRQHandler
 .text._ZN6Stream9timedReadEv
                0x00000000000040c2       0x2c .pio\build\genericCH32V203C8T6\libFrameworkArduino.a(Stream.cpp.o)
                0x00000000000040c2                Stream::timedRead()
 .text._ZN6Stream9readBytesEPcj
                0x00000000000040ee       0x32 .pio\build\genericCH32V203C8T6\libFrameworkArduino.a(Stream.cpp.o)
                0x00000000000040ee                Stream::readBytes(char*, unsigned int)
 .text._ZN6Stream14readBytesUntilEcPcj
                0x0000000000004120       0x32 .pio\build\genericCH32V203C8T6\libFrameworkArduino.a(Stream.cpp.o)
                0x0000000000004120                Stream::readBytesUntil(char, char*, unsigned int)
 .text.pre_init
                0x0000000000004152        0xa .pio\build\genericCH32V203C8T6\libFrameworkArduino.a(board.c.o)
                0x0000000000004152                pre_init
 .text.set_GPIO_Port_Clock
                0x000000000000415c       0x6c .pio\build\genericCH32V203C8T6\libFrameworkArduino.a(PortNames.c.o)
                0x000000000000415c                set_GPIO_Port_Clock
 .text.pwm_stop
                0x00000000000041c8       0x6a .pio\build\genericCH32V203C8T6\libFrameworkArduino.a(analog.cpp.o)
                0x00000000000041c8                pwm_stop
 .text.GetTick  0x0000000000004232        0xa .pio\build\genericCH32V203C8T6\libFrameworkArduino.a(clock.c.o)
                0x0000000000004232                GetTick
 .text.noOsSystickHandler
                0x000000000000423c        0x2 .pio\build\genericCH32V203C8T6\libFrameworkArduino.a(clock.c.o)
                0x000000000000423c                osSystickHandler
                0x000000000000423c                noOsSystickHandler
 .text.getCurrentMillis
                0x000000000000423e        0xc .pio\build\genericCH32V203C8T6\libFrameworkArduino.a(clock.c.o)
                0x000000000000423e                getCurrentMillis
 .text.SysTick_Handler
                0x000000000000424a       0x2c .pio\build\genericCH32V203C8T6\libFrameworkArduino.a(clock.c.o)
                0x000000000000424a                SysTick_Handler
 .text.systick_init
                0x0000000000004276       0x40 .pio\build\genericCH32V203C8T6\libFrameworkArduino.a(hw_config.c.o)
                0x0000000000004276                systick_init
 .text.hw_config_init
                0x00000000000042b6        0xc .pio\build\genericCH32V203C8T6\libFrameworkArduino.a(hw_config.c.o)
                0x00000000000042b6                hw_config_init
 .text._Z19_gpio_exti_callbackt
                0x00000000000042c2       0x2e .pio\build\genericCH32V203C8T6\libFrameworkArduino.a(interrupt.cpp.o)
                0x00000000000042c2                _gpio_exti_callback(unsigned short)
 .text.EXTI0_IRQHandler
                0x00000000000042f0        0xe .pio\build\genericCH32V203C8T6\libFrameworkArduino.a(interrupt.cpp.o)
                0x00000000000042f0                EXTI0_IRQHandler
 .text.EXTI1_IRQHandler
                0x00000000000042fe        0xe .pio\build\genericCH32V203C8T6\libFrameworkArduino.a(interrupt.cpp.o)
                0x00000000000042fe                EXTI1_IRQHandler
 .text.EXTI2_IRQHandler
                0x000000000000430c        0xe .pio\build\genericCH32V203C8T6\libFrameworkArduino.a(interrupt.cpp.o)
                0x000000000000430c                EXTI2_IRQHandler
 .text.EXTI3_IRQHandler
                0x000000000000431a        0xe .pio\build\genericCH32V203C8T6\libFrameworkArduino.a(interrupt.cpp.o)
                0x000000000000431a                EXTI3_IRQHandler
 .text.EXTI4_IRQHandler
                0x0000000000004328        0xe .pio\build\genericCH32V203C8T6\libFrameworkArduino.a(interrupt.cpp.o)
                0x0000000000004328                EXTI4_IRQHandler
 .text.EXTI9_5_IRQHandler
                0x0000000000004336       0x30 .pio\build\genericCH32V203C8T6\libFrameworkArduino.a(interrupt.cpp.o)
                0x0000000000004336                EXTI9_5_IRQHandler
 .text.EXTI15_10_IRQHandler
                0x0000000000004366       0x30 .pio\build\genericCH32V203C8T6\libFrameworkArduino.a(interrupt.cpp.o)
                0x0000000000004366                EXTI15_10_IRQHandler
 .text._sbrk    0x0000000000004396       0x2a .pio\build\genericCH32V203C8T6\libFrameworkArduino.a(ch32yyxx_debug.c.o)
                0x0000000000004396                _sbrk
 .text._fini    0x00000000000043c0        0x2 .pio\build\genericCH32V203C8T6\libFrameworkArduino.a(ch32yyxx_debug.c.o)
                0x00000000000043c0                _fini
 .text._init    0x00000000000043c2        0x2 .pio\build\genericCH32V203C8T6\libFrameworkArduino.a(ch32yyxx_debug.c.o)
                0x00000000000043c2                _init
 .text.DMA_DeInit
                0x00000000000043c4       0x9c .pio\build\genericCH32V203C8T6\libFrameworkArduino.a(ch32yyxx_dma.c.o)
                0x00000000000043c4                DMA_DeInit
 .text.DMA_Init
                0x0000000000004460       0x38 .pio\build\genericCH32V203C8T6\libFrameworkArduino.a(ch32yyxx_dma.c.o)
                0x0000000000004460                DMA_Init
 .text.DMA_Cmd  0x0000000000004498       0x14 .pio\build\genericCH32V203C8T6\libFrameworkArduino.a(ch32yyxx_dma.c.o)
                0x0000000000004498                DMA_Cmd
 .text.EXTI_GetITStatus
                0x00000000000044ac       0x1e .pio\build\genericCH32V203C8T6\libFrameworkArduino.a(ch32yyxx_exti.c.o)
                0x00000000000044ac                EXTI_GetITStatus
 .text.EXTI_ClearITPendingBit
                0x00000000000044ca        0xa .pio\build\genericCH32V203C8T6\libFrameworkArduino.a(ch32yyxx_exti.c.o)
                0x00000000000044ca                EXTI_ClearITPendingBit
 .text.FLASH_Unlock
                0x00000000000044d4       0x1a .pio\build\genericCH32V203C8T6\libFrameworkArduino.a(ch32yyxx_flash.c.o)
                0x00000000000044d4                FLASH_Unlock
 .text.FLASH_Lock
                0x00000000000044ee        0xe .pio\build\genericCH32V203C8T6\libFrameworkArduino.a(ch32yyxx_flash.c.o)
                0x00000000000044ee                FLASH_Lock
 .text.FLASH_ClearFlag
                0x00000000000044fc        0x8 .pio\build\genericCH32V203C8T6\libFrameworkArduino.a(ch32yyxx_flash.c.o)
                0x00000000000044fc                FLASH_ClearFlag
 .text.FLASH_GetBank1Status
                0x0000000000004504       0x18 .pio\build\genericCH32V203C8T6\libFrameworkArduino.a(ch32yyxx_flash.c.o)
                0x0000000000004504                FLASH_GetBank1Status
 .text.FLASH_WaitForLastOperation
                0x000000000000451c       0x24 .pio\build\genericCH32V203C8T6\libFrameworkArduino.a(ch32yyxx_flash.c.o)
                0x000000000000451c                FLASH_WaitForLastOperation
 .text.FLASH_ErasePage
                0x0000000000004540       0x3c .pio\build\genericCH32V203C8T6\libFrameworkArduino.a(ch32yyxx_flash.c.o)
                0x0000000000004540                FLASH_ErasePage
 .text.FLASH_ProgramHalfWord
                0x000000000000457c       0x38 .pio\build\genericCH32V203C8T6\libFrameworkArduino.a(ch32yyxx_flash.c.o)
                0x000000000000457c                FLASH_ProgramHalfWord
 .text.GPIO_Init
                0x00000000000045b4       0xf2 .pio\build\genericCH32V203C8T6\libFrameworkArduino.a(ch32yyxx_gpio.c.o)
                0x00000000000045b4                GPIO_Init
 .text.GPIO_ReadInputDataBit
                0x00000000000046a6       0x1a .pio\build\genericCH32V203C8T6\libFrameworkArduino.a(ch32yyxx_gpio.c.o)
                0x00000000000046a6                GPIO_ReadInputDataBit
 .text.GPIO_SetBits
                0x00000000000046c0       0x14 .pio\build\genericCH32V203C8T6\libFrameworkArduino.a(ch32yyxx_gpio.c.o)
                0x00000000000046c0                GPIO_SetBits
 .text.GPIO_ResetBits
                0x00000000000046d4       0x14 .pio\build\genericCH32V203C8T6\libFrameworkArduino.a(ch32yyxx_gpio.c.o)
                0x00000000000046d4                GPIO_ResetBits
 .text.GPIO_PinRemapConfig
                0x00000000000046e8       0xe0 .pio\build\genericCH32V203C8T6\libFrameworkArduino.a(ch32yyxx_gpio.c.o)
                0x00000000000046e8                GPIO_PinRemapConfig
 .text.NMI_Handler
                0x00000000000047c8        0x4 .pio\build\genericCH32V203C8T6\libFrameworkArduino.a(ch32yyxx_it.c.o)
                0x00000000000047c8                NMI_Handler
 .text.HardFault_Handler
                0x00000000000047cc        0x2 .pio\build\genericCH32V203C8T6\libFrameworkArduino.a(ch32yyxx_it.c.o)
                0x00000000000047cc                HardFault_Handler
 .text.Ecall_U_Mode_Handler
                0x00000000000047ce        0x2 .pio\build\genericCH32V203C8T6\libFrameworkArduino.a(ch32yyxx_it.c.o)
                0x00000000000047ce                Ecall_U_Mode_Handler
 .text.Ecall_M_Mode_Handler
                0x00000000000047d0        0x2 .pio\build\genericCH32V203C8T6\libFrameworkArduino.a(ch32yyxx_it.c.o)
                0x00000000000047d0                Ecall_M_Mode_Handler
 .text.NVIC_Init
                0x00000000000047d2       0xa6 .pio\build\genericCH32V203C8T6\libFrameworkArduino.a(ch32yyxx_misc.c.o)
                0x00000000000047d2                NVIC_Init
 .text.RCC_GetClocksFreq
                0x0000000000004878       0xbe .pio\build\genericCH32V203C8T6\libFrameworkArduino.a(ch32yyxx_rcc.c.o)
                0x0000000000004878                RCC_GetClocksFreq
 .text.RCC_AHBPeriphClockCmd
                0x0000000000004936       0x1e .pio\build\genericCH32V203C8T6\libFrameworkArduino.a(ch32yyxx_rcc.c.o)
                0x0000000000004936                RCC_AHBPeriphClockCmd
 .text.RCC_APB2PeriphClockCmd
                0x0000000000004954       0x1e .pio\build\genericCH32V203C8T6\libFrameworkArduino.a(ch32yyxx_rcc.c.o)
                0x0000000000004954                RCC_APB2PeriphClockCmd
 .text.RCC_APB1PeriphClockCmd
                0x0000000000004972       0x1e .pio\build\genericCH32V203C8T6\libFrameworkArduino.a(ch32yyxx_rcc.c.o)
                0x0000000000004972                RCC_APB1PeriphClockCmd
 .text.TIM_TimeBaseInit
                0x0000000000004990       0x6a .pio\build\genericCH32V203C8T6\libFrameworkArduino.a(ch32yyxx_tim.c.o)
                0x0000000000004990                TIM_TimeBaseInit
 .text.TIM_OC1Init
                0x00000000000049fa       0x6a .pio\build\genericCH32V203C8T6\libFrameworkArduino.a(ch32yyxx_tim.c.o)
                0x00000000000049fa                TIM_OC1Init
 .text.TIM_OC2Init
                0x0000000000004a64       0x96 .pio\build\genericCH32V203C8T6\libFrameworkArduino.a(ch32yyxx_tim.c.o)
                0x0000000000004a64                TIM_OC2Init
 .text.TIM_OC3Init
                0x0000000000004afa       0x94 .pio\build\genericCH32V203C8T6\libFrameworkArduino.a(ch32yyxx_tim.c.o)
                0x0000000000004afa                TIM_OC3Init
 .text.TIM_OC4Init
                0x0000000000004b8e       0x6c .pio\build\genericCH32V203C8T6\libFrameworkArduino.a(ch32yyxx_tim.c.o)
                0x0000000000004b8e                TIM_OC4Init
 .text.TIM_Cmd  0x0000000000004bfa       0x18 .pio\build\genericCH32V203C8T6\libFrameworkArduino.a(ch32yyxx_tim.c.o)
                0x0000000000004bfa                TIM_Cmd
 .text.TIM_CtrlPWMOutputs
                0x0000000000004c12       0x16 .pio\build\genericCH32V203C8T6\libFrameworkArduino.a(ch32yyxx_tim.c.o)
                0x0000000000004c12                TIM_CtrlPWMOutputs
 .text.TIM_ARRPreloadConfig
                0x0000000000004c28       0x1a .pio\build\genericCH32V203C8T6\libFrameworkArduino.a(ch32yyxx_tim.c.o)
                0x0000000000004c28                TIM_ARRPreloadConfig
 .text.TIM_SetCompare1
                0x0000000000004c42        0x4 .pio\build\genericCH32V203C8T6\libFrameworkArduino.a(ch32yyxx_tim.c.o)
                0x0000000000004c42                TIM_SetCompare1
 .text.TIM_SetCompare2
                0x0000000000004c46        0x4 .pio\build\genericCH32V203C8T6\libFrameworkArduino.a(ch32yyxx_tim.c.o)
                0x0000000000004c46                TIM_SetCompare2
 .text.TIM_SetCompare3
                0x0000000000004c4a        0x4 .pio\build\genericCH32V203C8T6\libFrameworkArduino.a(ch32yyxx_tim.c.o)
                0x0000000000004c4a                TIM_SetCompare3
 .text.TIM_SetCompare4
                0x0000000000004c4e        0x6 .pio\build\genericCH32V203C8T6\libFrameworkArduino.a(ch32yyxx_tim.c.o)
                0x0000000000004c4e                TIM_SetCompare4
 .text.TIM_GetITStatus
                0x0000000000004c54       0x18 .pio\build\genericCH32V203C8T6\libFrameworkArduino.a(ch32yyxx_tim.c.o)
                0x0000000000004c54                TIM_GetITStatus
 .text.TIM_ClearITPendingBit
                0x0000000000004c6c        0xc .pio\build\genericCH32V203C8T6\libFrameworkArduino.a(ch32yyxx_tim.c.o)
                0x0000000000004c6c                TIM_ClearITPendingBit
 .text.USART_Init
                0x0000000000004c78       0xbc .pio\build\genericCH32V203C8T6\libFrameworkArduino.a(ch32yyxx_usart.c.o)
                0x0000000000004c78                USART_Init
 .text.USART_Cmd
                0x0000000000004d34       0x16 .pio\build\genericCH32V203C8T6\libFrameworkArduino.a(ch32yyxx_usart.c.o)
                0x0000000000004d34                USART_Cmd
 .text.USART_ITConfig
                0x0000000000004d4a       0x36 .pio\build\genericCH32V203C8T6\libFrameworkArduino.a(ch32yyxx_usart.c.o)
                0x0000000000004d4a                USART_ITConfig
 .text.USART_DMACmd
                0x0000000000004d80       0x12 .pio\build\genericCH32V203C8T6\libFrameworkArduino.a(ch32yyxx_usart.c.o)
                0x0000000000004d80                USART_DMACmd
 .text.USART_SendData
                0x0000000000004d92        0x8 .pio\build\genericCH32V203C8T6\libFrameworkArduino.a(ch32yyxx_usart.c.o)
                0x0000000000004d92                USART_SendData
 .text.USART_ReceiveData
                0x0000000000004d9a        0x8 .pio\build\genericCH32V203C8T6\libFrameworkArduino.a(ch32yyxx_usart.c.o)
                0x0000000000004d9a                USART_ReceiveData
 .text.USART_HalfDuplexCmd
                0x0000000000004da2       0x18 .pio\build\genericCH32V203C8T6\libFrameworkArduino.a(ch32yyxx_usart.c.o)
                0x0000000000004da2                USART_HalfDuplexCmd
 .text.USART_GetFlagStatus
                0x0000000000004dba        0xa .pio\build\genericCH32V203C8T6\libFrameworkArduino.a(ch32yyxx_usart.c.o)
                0x0000000000004dba                USART_GetFlagStatus
 .text.USART_GetITStatus
                0x0000000000004dc4       0x3c .pio\build\genericCH32V203C8T6\libFrameworkArduino.a(ch32yyxx_usart.c.o)
                0x0000000000004dc4                USART_GetITStatus
 .text.USART_ClearITPendingBit
                0x0000000000004e00       0x14 .pio\build\genericCH32V203C8T6\libFrameworkArduino.a(ch32yyxx_usart.c.o)
                0x0000000000004e00                USART_ClearITPendingBit
 .text.SystemInit
                0x0000000000004e14       0xa8 .pio\build\genericCH32V203C8T6\libFrameworkArduino.a(system_ch32yyxx.c.o)
                0x0000000000004e14                SystemInit
 .text.pin_in_pinmap
                0x0000000000004ebc       0x1e .pio\build\genericCH32V203C8T6\libFrameworkArduino.a(pinmap.c.o)
                0x0000000000004ebc                pin_in_pinmap
 .text.pin_function
                0x0000000000004eda      0x2f8 .pio\build\genericCH32V203C8T6\libFrameworkArduino.a(pinmap.c.o)
                0x0000000000004eda                pin_function
 .text.pinmap_pinout
                0x00000000000051d2       0x26 .pio\build\genericCH32V203C8T6\libFrameworkArduino.a(pinmap.c.o)
                0x00000000000051d2                pinmap_pinout
 .text.pinmap_find_peripheral
                0x00000000000051f8       0x18 .pio\build\genericCH32V203C8T6\libFrameworkArduino.a(pinmap.c.o)
                0x00000000000051f8                pinmap_find_peripheral
 .text.pinmap_peripheral
                0x0000000000005210       0x16 .pio\build\genericCH32V203C8T6\libFrameworkArduino.a(pinmap.c.o)
                0x0000000000005210                pinmap_peripheral
 .text.pinmap_merge_peripheral
                0x0000000000005226       0x12 .pio\build\genericCH32V203C8T6\libFrameworkArduino.a(pinmap.c.o)
                0x0000000000005226                pinmap_merge_peripheral
 .text.vector_handler
                0x0000000000005238       0x6c .pio\build\genericCH32V203C8T6\libFrameworkArduino.a(startup_ch32yyxx.S.o)
                0x0000000000005240                Break_Point_Handler
                0x0000000000005244                SW_Handler
                0x0000000000005246                WWDG_IRQHandler
                0x0000000000005248                PVD_IRQHandler
                0x000000000000524a                TAMPER_IRQHandler
                0x000000000000524c                RTC_IRQHandler
                0x000000000000524e                FLASH_IRQHandler
                0x0000000000005250                RCC_IRQHandler
                0x000000000000525c                DMA1_Channel1_IRQHandler
                0x000000000000525e                DMA1_Channel2_IRQHandler
                0x0000000000005260                DMA1_Channel3_IRQHandler
                0x0000000000005262                DMA1_Channel4_IRQHandler
                0x0000000000005264                DMA1_Channel5_IRQHandler
                0x0000000000005266                DMA1_Channel6_IRQHandler
                0x0000000000005268                DMA1_Channel7_IRQHandler
                0x000000000000526a                ADC1_2_IRQHandler
                0x000000000000526c                USB_HP_CAN1_TX_IRQHandler
                0x000000000000526e                USB_LP_CAN1_RX0_IRQHandler
                0x0000000000005270                CAN1_RX1_IRQHandler
                0x0000000000005272                CAN1_SCE_IRQHandler
                0x0000000000005276                TIM1_BRK_IRQHandler
                0x000000000000527a                TIM1_TRG_COM_IRQHandler
                0x0000000000005284                I2C1_EV_IRQHandler
                0x0000000000005286                I2C1_ER_IRQHandler
                0x0000000000005288                I2C2_EV_IRQHandler
                0x000000000000528a                I2C2_ER_IRQHandler
                0x000000000000528c                SPI1_IRQHandler
                0x000000000000528e                SPI2_IRQHandler
                0x0000000000005292                USART2_IRQHandler
                0x0000000000005294                USART3_IRQHandler
                0x0000000000005298                RTCAlarm_IRQHandler
                0x000000000000529a                USBWakeUp_IRQHandler
                0x000000000000529c                USBHD_IRQHandler
                0x000000000000529e                USBHDWakeUp_IRQHandler
                0x00000000000052a0                UART4_IRQHandler
                0x00000000000052a2                DMA1_Channel8_IRQHandler
 .text.handle_reset
                0x00000000000052a4       0x9a .pio\build\genericCH32V203C8T6\libFrameworkArduino.a(startup_ch32yyxx.S.o)
                0x00000000000052a4                handle_reset
 .text.get_timer_obj
                0x000000000000533e        0x4 .pio\build\genericCH32V203C8T6\libFrameworkArduino.a(timer.c.o)
                0x000000000000533e                get_timer_obj
 .text.enableTimerClock
                0x0000000000005342       0x78 .pio\build\genericCH32V203C8T6\libFrameworkArduino.a(timer.c.o)
                0x0000000000005342                enableTimerClock
 .text.disableTimerClock
                0x00000000000053ba       0x78 .pio\build\genericCH32V203C8T6\libFrameworkArduino.a(timer.c.o)
                0x00000000000053ba                disableTimerClock
 .text.uart_init.part.0
                0x0000000000005432      0x19a .pio\build\genericCH32V203C8T6\libFrameworkArduino.a(uart.c.o)
 .text.uart_debug_init
                0x00000000000055cc       0x3a .pio\build\genericCH32V203C8T6\libFrameworkArduino.a(uart.c.o)
                0x00000000000055cc                uart_debug_init
 .text.serial_rx_active
                0x0000000000005606       0x26 .pio\build\genericCH32V203C8T6\libFrameworkArduino.a(uart.c.o)
                0x0000000000005606                serial_rx_active
 .text.serial_tx_active
                0x000000000000562c       0x26 .pio\build\genericCH32V203C8T6\libFrameworkArduino.a(uart.c.o)
                0x000000000000562c                serial_tx_active
 .text.uart_debug_write
                0x0000000000005652       0xfc .pio\build\genericCH32V203C8T6\libFrameworkArduino.a(uart.c.o)
                0x0000000000005652                uart_debug_write
 .text.uart_getc
                0x000000000000574e       0x36 .pio\build\genericCH32V203C8T6\libFrameworkArduino.a(uart.c.o)
                0x000000000000574e                uart_getc
 .text.__empty  0x0000000000005784        0x2 .pio\build\genericCH32V203C8T6\libFrameworkArduino.a(hooks.c.o)
                0x0000000000005784                yield
 .text.startup.main
                0x0000000000005786       0x12 .pio\build\genericCH32V203C8T6\libFrameworkArduino.a(main.cpp.o)
                0x0000000000005786                main
 .text.pinMode  0x0000000000005798       0xd0 .pio\build\genericCH32V203C8T6\libFrameworkArduino.a(wiring_digital.c.o)
                0x0000000000005798                pinMode
 .text.digitalWrite
                0x0000000000005868       0x96 .pio\build\genericCH32V203C8T6\libFrameworkArduino.a(wiring_digital.c.o)
                0x0000000000005868                digitalWrite
 .text.digitalRead
                0x00000000000058fe       0x7e .pio\build\genericCH32V203C8T6\libFrameworkArduino.a(wiring_digital.c.o)
                0x00000000000058fe                digitalRead
 .text.millis   0x000000000000597c        0xc .pio\build\genericCH32V203C8T6\libFrameworkArduino.a(wiring_time.c.o)
                0x000000000000597c                millis
 .text.delay    0x0000000000005988       0x22 .pio\build\genericCH32V203C8T6\libFrameworkArduino.a(wiring_time.c.o)
                0x0000000000005988                delay
 .text._Znwj    0x00000000000059aa       0x24 c:/users/hoang/.platformio/packages/toolchain-riscv/bin/../lib/gcc/riscv-none-embed/8.2.0/../../../../riscv-none-embed/lib/rv32imacxw/ilp32\libstdc++_nano.a(new_op.o)
                0x00000000000059aa                operator new(unsigned int)
 .text._Znaj    0x00000000000059ce        0x4 c:/users/hoang/.platformio/packages/toolchain-riscv/bin/../lib/gcc/riscv-none-embed/8.2.0/../../../../riscv-none-embed/lib/rv32imacxw/ilp32\libstdc++_nano.a(new_opv.o)
                0x00000000000059ce                operator new[](unsigned int)
 .text._ZdlPvj  0x00000000000059d2        0x2 c:/users/hoang/.platformio/packages/toolchain-riscv/bin/../lib/gcc/riscv-none-embed/8.2.0/../../../../riscv-none-embed/lib/rv32imacxw/ilp32\libstdc++_nano.a(del_ops.o)
                0x00000000000059d2                operator delete(void*, unsigned int)
 .text._ZSt15get_new_handlerv
                0x00000000000059d4        0xc c:/users/hoang/.platformio/packages/toolchain-riscv/bin/../lib/gcc/riscv-none-embed/8.2.0/../../../../riscv-none-embed/lib/rv32imacxw/ilp32\libstdc++_nano.a(new_handler.o)
                0x00000000000059d4                std::get_new_handler()
 .text.unlikely._ZSt25__throw_bad_function_callv
                0x00000000000059e0        0x6 c:/users/hoang/.platformio/packages/toolchain-riscv/bin/../lib/gcc/riscv-none-embed/8.2.0/../../../../riscv-none-embed/lib/rv32imacxw/ilp32\libstdc++_nano.a(functional.o)
                0x00000000000059e0                std::__throw_bad_function_call()
 .text._ZdlPv   0x00000000000059e6        0x2 c:/users/hoang/.platformio/packages/toolchain-riscv/bin/../lib/gcc/riscv-none-embed/8.2.0/../../../../riscv-none-embed/lib/rv32imacxw/ilp32\libstdc++_nano.a(del_op.o)
                0x00000000000059e6                operator delete(void*)
 .text.abort    0x00000000000059e8        0xe c:/users/hoang/.platformio/packages/toolchain-riscv/bin/../lib/gcc/riscv-none-embed/8.2.0/../../../../riscv-none-embed/lib/rv32imacxw/ilp32\libc_nano.a(lib_a-abort.o)
                0x00000000000059e8                abort
 .text.atexit   0x00000000000059f6        0xa c:/users/hoang/.platformio/packages/toolchain-riscv/bin/../lib/gcc/riscv-none-embed/8.2.0/../../../../riscv-none-embed/lib/rv32imacxw/ilp32\libc_nano.a(lib_a-atexit.o)
                0x00000000000059f6                atexit
 .text.__libc_fini_array
                0x0000000000005a00       0x3a c:/users/hoang/.platformio/packages/toolchain-riscv/bin/../lib/gcc/riscv-none-embed/8.2.0/../../../../riscv-none-embed/lib/rv32imacxw/ilp32\libc_nano.a(lib_a-fini.o)
                0x0000000000005a00                __libc_fini_array
 .text.__libc_init_array
                0x0000000000005a3a       0x6e c:/users/hoang/.platformio/packages/toolchain-riscv/bin/../lib/gcc/riscv-none-embed/8.2.0/../../../../riscv-none-embed/lib/rv32imacxw/ilp32\libc_nano.a(lib_a-init.o)
                0x0000000000005a3a                __libc_init_array
 .text.malloc   0x0000000000005aa8        0xa c:/users/hoang/.platformio/packages/toolchain-riscv/bin/../lib/gcc/riscv-none-embed/8.2.0/../../../../riscv-none-embed/lib/rv32imacxw/ilp32\libc_nano.a(lib_a-malloc.o)
                0x0000000000005aa8                malloc
 .text.free     0x0000000000005ab2        0xa c:/users/hoang/.platformio/packages/toolchain-riscv/bin/../lib/gcc/riscv-none-embed/8.2.0/../../../../riscv-none-embed/lib/rv32imacxw/ilp32\libc_nano.a(lib_a-malloc.o)
                0x0000000000005ab2                free
 .text.memcpy   0x0000000000005abc       0xb2 c:/users/hoang/.platformio/packages/toolchain-riscv/bin/../lib/gcc/riscv-none-embed/8.2.0/../../../../riscv-none-embed/lib/rv32imacxw/ilp32\libc_nano.a(lib_a-memcpy.o)
                0x0000000000005abc                memcpy
 .text._free_r  0x0000000000005b6e       0xa4 c:/users/hoang/.platformio/packages/toolchain-riscv/bin/../lib/gcc/riscv-none-embed/8.2.0/../../../../riscv-none-embed/lib/rv32imacxw/ilp32\libc_nano.a(lib_a-nano-freer.o)
                0x0000000000005b6e                _free_r
 .text._malloc_r
                0x0000000000005c12       0xce c:/users/hoang/.platformio/packages/toolchain-riscv/bin/../lib/gcc/riscv-none-embed/8.2.0/../../../../riscv-none-embed/lib/rv32imacxw/ilp32\libc_nano.a(lib_a-nano-mallocr.o)
                0x0000000000005c12                _malloc_r
 .text._sbrk_r  0x0000000000005ce0       0x32 c:/users/hoang/.platformio/packages/toolchain-riscv/bin/../lib/gcc/riscv-none-embed/8.2.0/../../../../riscv-none-embed/lib/rv32imacxw/ilp32\libc_nano.a(lib_a-sbrkr.o)
                0x0000000000005ce0                _sbrk_r
 .text._raise_r
                0x0000000000005d12       0x62 c:/users/hoang/.platformio/packages/toolchain-riscv/bin/../lib/gcc/riscv-none-embed/8.2.0/../../../../riscv-none-embed/lib/rv32imacxw/ilp32\libc_nano.a(lib_a-signal.o)
                0x0000000000005d12                _raise_r
 .text.raise    0x0000000000005d74        0xc c:/users/hoang/.platformio/packages/toolchain-riscv/bin/../lib/gcc/riscv-none-embed/8.2.0/../../../../riscv-none-embed/lib/rv32imacxw/ilp32\libc_nano.a(lib_a-signal.o)
                0x0000000000005d74                raise
 .text._kill_r  0x0000000000005d80       0x34 c:/users/hoang/.platformio/packages/toolchain-riscv/bin/../lib/gcc/riscv-none-embed/8.2.0/../../../../riscv-none-embed/lib/rv32imacxw/ilp32\libc_nano.a(lib_a-signalr.o)
                0x0000000000005d80                _kill_r
 .text._getpid_r
                0x0000000000005db4        0x4 c:/users/hoang/.platformio/packages/toolchain-riscv/bin/../lib/gcc/riscv-none-embed/8.2.0/../../../../riscv-none-embed/lib/rv32imacxw/ilp32\libc_nano.a(lib_a-signalr.o)
                0x0000000000005db4                _getpid_r
 .text.__register_exitproc
                0x0000000000005db8       0x80 c:/users/hoang/.platformio/packages/toolchain-riscv/bin/../lib/gcc/riscv-none-embed/8.2.0/../../../../riscv-none-embed/lib/rv32imacxw/ilp32\libc_nano.a(lib_a-__atexit.o)
                0x0000000000005db8                __register_exitproc
 .text.startup.register_fini
                0x0000000000005e38       0x18 c:/users/hoang/.platformio/packages/toolchain-riscv/bin/../lib/gcc/riscv-none-embed/8.2.0/../../../../riscv-none-embed/lib/rv32imacxw/ilp32\libc_nano.a(lib_a-__call_atexit.o)
 .text.__malloc_lock
                0x0000000000005e50        0x2 c:/users/hoang/.platformio/packages/toolchain-riscv/bin/../lib/gcc/riscv-none-embed/8.2.0/../../../../riscv-none-embed/lib/rv32imacxw/ilp32\libc_nano.a(lib_a-mlock.o)
                0x0000000000005e50                __malloc_lock
 .text.__malloc_unlock
                0x0000000000005e52        0x2 c:/users/hoang/.platformio/packages/toolchain-riscv/bin/../lib/gcc/riscv-none-embed/8.2.0/../../../../riscv-none-embed/lib/rv32imacxw/ilp32\libc_nano.a(lib_a-mlock.o)
                0x0000000000005e52                __malloc_unlock
 .text.__udivdi3
                0x0000000000005e54      0x392 c:/users/hoang/.platformio/packages/toolchain-riscv/bin/../lib/gcc/riscv-none-embed/8.2.0/rv32imacxw/ilp32\libgcc.a(_udivdi3.o)
                0x0000000000005e54                __udivdi3
 .text.__muldf3
                0x00000000000061e6      0x4b8 c:/users/hoang/.platformio/packages/toolchain-riscv/bin/../lib/gcc/riscv-none-embed/8.2.0/rv32imacxw/ilp32\libgcc.a(muldf3.o)
                0x00000000000061e6                __muldf3
 .text.__addsf3
                0x000000000000669e      0x36a c:/users/hoang/.platformio/packages/toolchain-riscv/bin/../lib/gcc/riscv-none-embed/8.2.0/rv32imacxw/ilp32\libgcc.a(addsf3.o)
                0x000000000000669e                __addsf3
 .text.__divsf3
                0x0000000000006a08      0x2b2 c:/users/hoang/.platformio/packages/toolchain-riscv/bin/../lib/gcc/riscv-none-embed/8.2.0/rv32imacxw/ilp32\libgcc.a(divsf3.o)
                0x0000000000006a08                __divsf3
 .text.__gesf2  0x0000000000006cba       0x86 c:/users/hoang/.platformio/packages/toolchain-riscv/bin/../lib/gcc/riscv-none-embed/8.2.0/rv32imacxw/ilp32\libgcc.a(gesf2.o)
                0x0000000000006cba                __gesf2
                0x0000000000006cba                __gtsf2
 .text.__lesf2  0x0000000000006d40       0x8c c:/users/hoang/.platformio/packages/toolchain-riscv/bin/../lib/gcc/riscv-none-embed/8.2.0/rv32imacxw/ilp32\libgcc.a(lesf2.o)
                0x0000000000006d40                __ltsf2
                0x0000000000006d40                __lesf2
 .text.__mulsf3
                0x0000000000006dcc      0x294 c:/users/hoang/.platformio/packages/toolchain-riscv/bin/../lib/gcc/riscv-none-embed/8.2.0/rv32imacxw/ilp32\libgcc.a(mulsf3.o)
                0x0000000000006dcc                __mulsf3
 .text.__subsf3
                0x0000000000007060      0x388 c:/users/hoang/.platformio/packages/toolchain-riscv/bin/../lib/gcc/riscv-none-embed/8.2.0/rv32imacxw/ilp32\libgcc.a(subsf3.o)
                0x0000000000007060                __subsf3
 .text.__fixsfsi
                0x00000000000073e8       0x62 c:/users/hoang/.platformio/packages/toolchain-riscv/bin/../lib/gcc/riscv-none-embed/8.2.0/rv32imacxw/ilp32\libgcc.a(fixsfsi.o)
                0x00000000000073e8                __fixsfsi
 .text.__floatsisf
                0x000000000000744a       0xc6 c:/users/hoang/.platformio/packages/toolchain-riscv/bin/../lib/gcc/riscv-none-embed/8.2.0/rv32imacxw/ilp32\libgcc.a(floatsisf.o)
                0x000000000000744a                __floatsisf
 .text.__floatundisf
                0x0000000000007510      0x11e c:/users/hoang/.platformio/packages/toolchain-riscv/bin/../lib/gcc/riscv-none-embed/8.2.0/rv32imacxw/ilp32\libgcc.a(floatundisf.o)
                0x0000000000007510                __floatundisf
 .text.__extendsfdf2
                0x000000000000762e       0xac c:/users/hoang/.platformio/packages/toolchain-riscv/bin/../lib/gcc/riscv-none-embed/8.2.0/rv32imacxw/ilp32\libgcc.a(extendsfdf2.o)
                0x000000000000762e                __extendsfdf2
 .text.__truncdfsf2
                0x00000000000076da      0x16a c:/users/hoang/.platformio/packages/toolchain-riscv/bin/../lib/gcc/riscv-none-embed/8.2.0/rv32imacxw/ilp32\libgcc.a(truncdfsf2.o)
                0x00000000000076da                __truncdfsf2
 .text.__clzsi2
                0x0000000000007844       0x6e c:/users/hoang/.platformio/packages/toolchain-riscv/bin/../lib/gcc/riscv-none-embed/8.2.0/rv32imacxw/ilp32\libgcc.a(_clzsi2.o)
                0x0000000000007844                __clzsi2
 .text._getpid  0x00000000000078b2       0x10 c:/users/hoang/.platformio/packages/toolchain-riscv/bin/../lib/gcc/riscv-none-embed/8.2.0/../../../../riscv-none-embed/lib/rv32imacxw/ilp32\libnosys.a(getpid.o)
                0x00000000000078b2                _getpid
 .text._kill    0x00000000000078c2       0x10 c:/users/hoang/.platformio/packages/toolchain-riscv/bin/../lib/gcc/riscv-none-embed/8.2.0/../../../../riscv-none-embed/lib/rv32imacxw/ilp32\libnosys.a(kill.o)
                0x00000000000078c2                _kill
 .text._exit    0x00000000000078d2        0x2 c:/users/hoang/.platformio/packages/toolchain-riscv/bin/../lib/gcc/riscv-none-embed/8.2.0/../../../../riscv-none-embed/lib/rv32imacxw/ilp32\libnosys.a(_exit.o)
                0x00000000000078d2                _exit
 *(.rodata)
 *(.rodata*)
 .rodata.PinMap_TIM
                0x00000000000078d4       0xf0 .pio\build\genericCH32V203C8T6\FrameworkArduinoVariant\PeripheralPins.c.o
                0x00000000000078d4                PinMap_TIM
 .rodata.PinMap_UART_CTS
                0x00000000000079c4       0x3c .pio\build\genericCH32V203C8T6\FrameworkArduinoVariant\PeripheralPins.c.o
                0x00000000000079c4                PinMap_UART_CTS
 .rodata.PinMap_UART_RTS
                0x0000000000007a00       0x3c .pio\build\genericCH32V203C8T6\FrameworkArduinoVariant\PeripheralPins.c.o
                0x0000000000007a00                PinMap_UART_RTS
 .rodata.PinMap_UART_RX
                0x0000000000007a3c       0x60 .pio\build\genericCH32V203C8T6\FrameworkArduinoVariant\PeripheralPins.c.o
                0x0000000000007a3c                PinMap_UART_RX
 .rodata.PinMap_UART_TX
                0x0000000000007a9c       0x60 .pio\build\genericCH32V203C8T6\FrameworkArduinoVariant\PeripheralPins.c.o
                0x0000000000007a9c                PinMap_UART_TX
 .rodata.analogInputPin
                0x0000000000007afc       0x28 .pio\build\genericCH32V203C8T6\FrameworkArduinoVariant\variant_CH32V203C8.cpp.o
                0x0000000000007afc                analogInputPin
 .rodata.digitalPin
                0x0000000000007b24       0x94 .pio\build\genericCH32V203C8T6\FrameworkArduinoVariant\variant_CH32V203C8.cpp.o
                0x0000000000007b24                digitalPin
 .rodata.BambuBus_run
                0x0000000000007bb8       0x28 .pio\build\genericCH32V203C8T6\src\BambuBus.cpp.o
 .rodata._Z10set_motionhhhh.cst4
                0x0000000000007be0        0x4 .pio\build\genericCH32V203C8T6\src\BambuBus.cpp.o
 *fill*         0x0000000000007be4        0x4 
 .rodata._Z22AS5600_distance_updatav.cst8
                0x0000000000007be8       0x18 .pio\build\genericCH32V203C8T6\src\Motion_control.cpp.o
 .rodata._ZN14_MOTOR_CONTROL3runEf.cst4
                0x0000000000007c00       0x20 .pio\build\genericCH32V203C8T6\src\Motion_control.cpp.o
 .rodata._ZN14_MOTOR_CONTROLC2Ei.cst4
                0x0000000000007c20       0x14 .pio\build\genericCH32V203C8T6\src\Motion_control.cpp.o
 .rodata._ZTV14HardwareSerial
                0x0000000000007c34       0x2c .pio\build\genericCH32V203C8T6\libFrameworkArduino.a(HardwareSerial.cpp.o)
                0x0000000000007c34                vtable for HardwareSerial
 .rodata.set_GPIO_Port_Clock
                0x0000000000007c60       0x14 .pio\build\genericCH32V203C8T6\libFrameworkArduino.a(PortNames.c.o)
 .rodata.pin_function
                0x0000000000007c74      0x140 .pio\build\genericCH32V203C8T6\libFrameworkArduino.a(pinmap.c.o)
 .rodata.pin_map
                0x0000000000007db4       0x40 .pio\build\genericCH32V203C8T6\libFrameworkArduino.a(pinmap.c.o)
                0x0000000000007db4                pin_map
 .rodata.pinMode
                0x0000000000007df4       0x18 .pio\build\genericCH32V203C8T6\libFrameworkArduino.a(wiring_digital.c.o)
 .rodata.__sf_fake_stderr
                0x0000000000007e0c       0x20 c:/users/hoang/.platformio/packages/toolchain-riscv/bin/../lib/gcc/riscv-none-embed/8.2.0/../../../../riscv-none-embed/lib/rv32imacxw/ilp32\libc_nano.a(lib_a-findfp.o)
                0x0000000000007e0c                __sf_fake_stderr
 .rodata.__sf_fake_stdin
                0x0000000000007e2c       0x20 c:/users/hoang/.platformio/packages/toolchain-riscv/bin/../lib/gcc/riscv-none-embed/8.2.0/../../../../riscv-none-embed/lib/rv32imacxw/ilp32\libc_nano.a(lib_a-findfp.o)
                0x0000000000007e2c                __sf_fake_stdin
 .rodata.__sf_fake_stdout
                0x0000000000007e4c       0x20 c:/users/hoang/.platformio/packages/toolchain-riscv/bin/../lib/gcc/riscv-none-embed/8.2.0/../../../../riscv-none-embed/lib/rv32imacxw/ilp32\libc_nano.a(lib_a-findfp.o)
                0x0000000000007e4c                __sf_fake_stdout
 .rodata.__muldf3
                0x0000000000007e6c       0x40 c:/users/hoang/.platformio/packages/toolchain-riscv/bin/../lib/gcc/riscv-none-embed/8.2.0/rv32imacxw/ilp32\libgcc.a(muldf3.o)
 .rodata.__divsf3
                0x0000000000007eac       0x80 c:/users/hoang/.platformio/packages/toolchain-riscv/bin/../lib/gcc/riscv-none-embed/8.2.0/rv32imacxw/ilp32\libgcc.a(divsf3.o)
 .rodata.__mulsf3
                0x0000000000007f2c       0x40 c:/users/hoang/.platformio/packages/toolchain-riscv/bin/../lib/gcc/riscv-none-embed/8.2.0/rv32imacxw/ilp32\libgcc.a(mulsf3.o)
 .rodata.__clz_tab
                0x0000000000007f6c      0x100 c:/users/hoang/.platformio/packages/toolchain-riscv/bin/../lib/gcc/riscv-none-embed/8.2.0/rv32imacxw/ilp32\libgcc.a(_clz.o)
                0x0000000000007f6c                __clz_tab
 *(.gnu.linkonce.t.*)
                0x000000000000806c                . = ALIGN (0x4)

.rela.dyn       0x000000000000806c        0x0
 .rela.text._Z6RX_IRQh
                0x000000000000806c        0x0 .pio\build\genericCH32V203C8T6\src\BambuBus.cpp.o
 .rela.text.USART1_IRQHandler
                0x000000000000806c        0x0 .pio\build\genericCH32V203C8T6\src\BambuBus.cpp.o
 .rela.text._ZN14_MOTOR_CONTROL3runEf
                0x000000000000806c        0x0 .pio\build\genericCH32V203C8T6\src\BambuBus.cpp.o
 .rela.text._Z45motor_motion_filamnet_pull_back_to_online_keyv
                0x000000000000806c        0x0 .pio\build\genericCH32V203C8T6\src\BambuBus.cpp.o
 .rela.text._Z19motor_motion_switchv
                0x000000000000806c        0x0 .pio\build\genericCH32V203C8T6\src\BambuBus.cpp.o
 .rela.text._Z16motor_motion_runi
                0x000000000000806c        0x0 .pio\build\genericCH32V203C8T6\src\BambuBus.cpp.o
 .rela.text.startup._GLOBAL__sub_I_MC_AS5600
                0x000000000000806c        0x0 .pio\build\genericCH32V203C8T6\src\BambuBus.cpp.o
 .rela.text._ZN14HardwareSerialC2EPv
                0x000000000000806c        0x0 .pio\build\genericCH32V203C8T6\src\BambuBus.cpp.o
 .rela.rodata._ZTV14HardwareSerial
                0x000000000000806c        0x0 .pio\build\genericCH32V203C8T6\src\BambuBus.cpp.o
 .rela.text._ZN13HardwareTimerD2Ev
                0x000000000000806c        0x0 .pio\build\genericCH32V203C8T6\src\BambuBus.cpp.o
 .rela.text._ZN13HardwareTimer14updateCallbackEP17TIM_HandleTypeDef
                0x000000000000806c        0x0 .pio\build\genericCH32V203C8T6\src\BambuBus.cpp.o
 .rela.text._ZN13HardwareTimer22captureCompareCallbackEP17TIM_HandleTypeDef
                0x000000000000806c        0x0 .pio\build\genericCH32V203C8T6\src\BambuBus.cpp.o
 .rela.text.pwm_stop
                0x000000000000806c        0x0 .pio\build\genericCH32V203C8T6\src\BambuBus.cpp.o
 .rela.text.getCurrentMillis
                0x000000000000806c        0x0 .pio\build\genericCH32V203C8T6\src\BambuBus.cpp.o
 .rela.text.SysTick_Handler
                0x000000000000806c        0x0 .pio\build\genericCH32V203C8T6\src\BambuBus.cpp.o
 .rela.text._sbrk
                0x000000000000806c        0x0 .pio\build\genericCH32V203C8T6\src\BambuBus.cpp.o
 .rela.sdata.curbrk.4571
                0x000000000000806c        0x0 .pio\build\genericCH32V203C8T6\src\BambuBus.cpp.o
 .rela.init     0x000000000000806c        0x0 .pio\build\genericCH32V203C8T6\src\BambuBus.cpp.o
 .rela.vector   0x000000000000806c        0x0 .pio\build\genericCH32V203C8T6\src\BambuBus.cpp.o
 .rela.text.handle_reset
                0x000000000000806c        0x0 .pio\build\genericCH32V203C8T6\src\BambuBus.cpp.o
 .rela.text.uart_init.part.0
                0x000000000000806c        0x0 .pio\build\genericCH32V203C8T6\src\BambuBus.cpp.o
 .rela.text.uart_debug_init
                0x000000000000806c        0x0 .pio\build\genericCH32V203C8T6\src\BambuBus.cpp.o
 .rela.text.uart_debug_write
                0x000000000000806c        0x0 .pio\build\genericCH32V203C8T6\src\BambuBus.cpp.o
 .rela.text.startup.main
                0x000000000000806c        0x0 .pio\build\genericCH32V203C8T6\src\BambuBus.cpp.o
 .rela.text.pinMode
                0x000000000000806c        0x0 .pio\build\genericCH32V203C8T6\src\BambuBus.cpp.o
 .rela.text.delay
                0x000000000000806c        0x0 .pio\build\genericCH32V203C8T6\src\BambuBus.cpp.o
 .rela.text.__libc_fini_array
                0x000000000000806c        0x0 .pio\build\genericCH32V203C8T6\src\BambuBus.cpp.o
 .rela.text.__libc_init_array
                0x000000000000806c        0x0 .pio\build\genericCH32V203C8T6\src\BambuBus.cpp.o
 .rela.text._sbrk_r
                0x000000000000806c        0x0 .pio\build\genericCH32V203C8T6\src\BambuBus.cpp.o
 .rela.text._kill_r
                0x000000000000806c        0x0 .pio\build\genericCH32V203C8T6\src\BambuBus.cpp.o
 .rela.text.__register_exitproc
                0x000000000000806c        0x0 .pio\build\genericCH32V203C8T6\src\BambuBus.cpp.o
 .rela.text.startup.register_fini
                0x000000000000806c        0x0 .pio\build\genericCH32V203C8T6\src\BambuBus.cpp.o
 .rela.text._getpid
                0x000000000000806c        0x0 .pio\build\genericCH32V203C8T6\src\BambuBus.cpp.o
 .rela.text._kill
                0x000000000000806c        0x0 .pio\build\genericCH32V203C8T6\src\BambuBus.cpp.o

.fini           0x000000000000806c        0x0
 *(SORT_NONE(.fini))
                0x000000000000806c                . = ALIGN (0x4)
                [!provide]                        PROVIDE (_etext = .)
                [!provide]                        PROVIDE (_eitcm = .)

.preinit_array  0x000000000000806c        0x0
                0x000000000000806c                PROVIDE (__preinit_array_start = .)
 *(.preinit_array)
                0x000000000000806c                PROVIDE (__preinit_array_end = .)

.init_array     0x000000000000806c       0x10
                0x000000000000806c                PROVIDE (__init_array_start = .)
 *(SORT_BY_INIT_PRIORITY(.init_array.*) SORT_BY_INIT_PRIORITY(.ctors.*))
 .init_array.00000
                0x000000000000806c        0x4 c:/users/hoang/.platformio/packages/toolchain-riscv/bin/../lib/gcc/riscv-none-embed/8.2.0/../../../../riscv-none-embed/lib/rv32imacxw/ilp32\libc_nano.a(lib_a-__call_atexit.o)
 *(.init_array EXCLUDE_FILE(*crtend?.o *crtend.o *crtbegin?.o *crtbegin.o) .ctors)
 .init_array    0x0000000000008070        0x4 .pio\build\genericCH32V203C8T6\src\BambuBus.cpp.o
 .init_array    0x0000000000008074        0x4 .pio\build\genericCH32V203C8T6\src\Motion_control.cpp.o
 .init_array    0x0000000000008078        0x4 .pio\build\genericCH32V203C8T6\libFrameworkArduino.a(HardwareSerial.cpp.o)
                0x000000000000807c                PROVIDE (__init_array_end = .)

.fini_array     0x000000000000807c        0x8
                0x000000000000807c                PROVIDE (__fini_array_start = .)
 *(SORT_BY_INIT_PRIORITY(.fini_array.*) SORT_BY_INIT_PRIORITY(.dtors.*))
 *(.fini_array EXCLUDE_FILE(*crtend?.o *crtend.o *crtbegin?.o *crtbegin.o) .dtors)
 .fini_array    0x000000000000807c        0x4 .pio\build\genericCH32V203C8T6\src\Motion_control.cpp.o
 .fini_array    0x0000000000008080        0x4 .pio\build\genericCH32V203C8T6\src\main.cpp.o
                0x0000000000008084                PROVIDE (__fini_array_end = .)

.ctors
 *crtbegin.o(.ctors)
 *crtbegin?.o(.ctors)
 *(EXCLUDE_FILE(*crtend?.o *crtend.o) .ctors)
 *(SORT_BY_NAME(.ctors.*))
 *(.ctors)

.dtors
 *crtbegin.o(.dtors)
 *crtbegin?.o(.dtors)
 *(EXCLUDE_FILE(*crtend?.o *crtend.o) .dtors)
 *(SORT_BY_NAME(.dtors.*))
 *(.dtors)

.dalign         0x0000000020000000        0x0 load address 0x0000000000008084
                0x0000000020000000                . = ALIGN (0x4)
                0x0000000020000000                PROVIDE (_data_vma = .)

.dlalign        0x0000000000008084        0x0
                0x0000000000008084                . = ALIGN (0x4)
                0x0000000000008084                PROVIDE (_data_lma = .)

.data           0x0000000020000000      0x710 load address 0x0000000000008084
 *(.gnu.linkonce.r.*)
 *(.data .data.*)
 .data.Cxx_res  0x0000000020000000       0x2c .pio\build\genericCH32V203C8T6\src\BambuBus.cpp.o
                0x0000000020000000                Cxx_res
 .data.Dxx_res  0x000000002000002c       0x3c .pio\build\genericCH32V203C8T6\src\BambuBus.cpp.o
                0x000000002000002c                Dxx_res
 .data.F01_res  0x0000000020000068       0x1d .pio\build\genericCH32V203C8T6\src\BambuBus.cpp.o
                0x0000000020000068                F01_res
 *fill*         0x0000000020000085        0x3 
 .data.data_save
                0x0000000020000088      0x410 .pio\build\genericCH32V203C8T6\src\BambuBus.cpp.o
                0x0000000020000088                data_save
 .data.long_packge_filament
                0x0000000020000498       0x83 .pio\build\genericCH32V203C8T6\src\BambuBus.cpp.o
                0x0000000020000498                long_packge_filament
 *fill*         0x000000002000051b        0x1 
 .data.long_packge_version_serial_number
                0x000000002000051c       0x42 .pio\build\genericCH32V203C8T6\src\BambuBus.cpp.o
                0x000000002000051c                long_packge_version_serial_number
 *fill*         0x000000002000055e        0x2 
 .data.long_packge_version_version_and_name_AMS08
                0x0000000020000560       0x15 .pio\build\genericCH32V203C8T6\src\BambuBus.cpp.o
                0x0000000020000560                long_packge_version_version_and_name_AMS08
 *fill*         0x0000000020000575        0x3 
 .data.long_packge_version_version_and_name_AMS_lite
                0x0000000020000578       0x15 .pio\build\genericCH32V203C8T6\src\BambuBus.cpp.o
                0x0000000020000578                long_packge_version_version_and_name_AMS_lite
 *fill*         0x000000002000058d        0x3 
 .data.serial_number
                0x0000000020000590        0xb .pio\build\genericCH32V203C8T6\src\BambuBus.cpp.o
                0x0000000020000590                serial_number
 *fill*         0x000000002000059b        0x1 
 .data.AS5600_SCL
                0x000000002000059c       0x10 .pio\build\genericCH32V203C8T6\src\Motion_control.cpp.o
                0x000000002000059c                AS5600_SCL
 .data.AS5600_SDA
                0x00000000200005ac       0x10 .pio\build\genericCH32V203C8T6\src\Motion_control.cpp.o
                0x00000000200005ac                AS5600_SDA
 .data.GPIOPort
                0x00000000200005bc       0x14 .pio\build\genericCH32V203C8T6\libFrameworkArduino.a(PortNames.c.o)
                0x00000000200005bc                GPIOPort
 .data._ZL13gpio_irq_conf
                0x00000000200005d0       0x80 .pio\build\genericCH32V203C8T6\libFrameworkArduino.a(interrupt.cpp.o)
 .data.APBAHBPrescTable
                0x0000000020000650       0x10 .pio\build\genericCH32V203C8T6\libFrameworkArduino.a(ch32yyxx_rcc.c.o)
 .data.serial_debug
                0x0000000020000660       0x30 .pio\build\genericCH32V203C8T6\libFrameworkArduino.a(uart.c.o)
 .data.impure_data
                0x0000000020000690       0x60 c:/users/hoang/.platformio/packages/toolchain-riscv/bin/../lib/gcc/riscv-none-embed/8.2.0/../../../../riscv-none-embed/lib/rv32imacxw/ilp32\libc_nano.a(lib_a-impure.o)
 *(.gnu.linkonce.d.*)
                0x00000000200006f0                . = ALIGN (0x8)
                0x0000000020000ef0                PROVIDE (__global_pointer$ = (. + 0x800))
 *(.sdata .sdata.*)
 .sdata._ZZ6RX_IRQhE6length
                0x00000000200006f0        0x4 .pio\build\genericCH32V203C8T6\src\BambuBus.cpp.o
                0x00000000200006f0                RX_IRQ(unsigned char)::length
 .sdata.Set_filament_res
                0x00000000200006f4        0x8 .pio\build\genericCH32V203C8T6\src\BambuBus.cpp.o
                0x00000000200006f4                Set_filament_res
 .sdata.FLASHStatus
                0x00000000200006fc        0x4 .pio\build\genericCH32V203C8T6\src\Flash_saves.cpp.o
                0x00000000200006fc                FLASHStatus
 .sdata.curbrk.4571
                0x0000000020000700        0x4 .pio\build\genericCH32V203C8T6\libFrameworkArduino.a(ch32yyxx_debug.c.o)
 .sdata.ADCPrescTable
                0x0000000020000704        0x4 .pio\build\genericCH32V203C8T6\libFrameworkArduino.a(ch32yyxx_rcc.c.o)
 .sdata.SystemCoreClock
                0x0000000020000708        0x4 .pio\build\genericCH32V203C8T6\libFrameworkArduino.a(system_ch32yyxx.c.o)
                0x0000000020000708                SystemCoreClock
 .sdata._impure_ptr
                0x000000002000070c        0x4 c:/users/hoang/.platformio/packages/toolchain-riscv/bin/../lib/gcc/riscv-none-embed/8.2.0/../../../../riscv-none-embed/lib/rv32imacxw/ilp32\libc_nano.a(lib_a-impure.o)
                0x000000002000070c                _impure_ptr
 *(.sdata2.*)
 *(.gnu.linkonce.s.*)
                0x0000000020000710                . = ALIGN (0x8)
 *(.srodata.cst16)
 *(.srodata.cst8)
 *(.srodata.cst4)
 *(.srodata.cst2)
 *(.srodata .srodata.*)
                0x0000000020000710                . = ALIGN (0x4)
                0x0000000020000710                PROVIDE (_edata = .)

.bss            0x0000000020000710      0xff4 load address 0x0000000000008794
                0x0000000020000710                . = ALIGN (0x4)
                0x0000000020000710                PROVIDE (_sbss = .)
 *(.sbss*)
 .sbss._ZZ6RX_IRQhE15data_CRC8_index
                0x0000000020000710        0x1 .pio\build\genericCH32V203C8T6\src\BambuBus.cpp.o
                0x0000000020000710                RX_IRQ(unsigned char)::data_CRC8_index
 .sbss._ZZ6RX_IRQhE17data_length_index
                0x0000000020000711        0x1 .pio\build\genericCH32V203C8T6\src\BambuBus.cpp.o
                0x0000000020000711                RX_IRQ(unsigned char)::data_length_index
 *fill*         0x0000000020000712        0x2 
 .sbss._ZZ6RX_IRQhE6_index
                0x0000000020000714        0x4 .pio\build\genericCH32V203C8T6\src\BambuBus.cpp.o
                0x0000000020000714                RX_IRQ(unsigned char)::_index
 .sbss.BambuBus_address
                0x0000000020000718        0x2 .pio\build\genericCH32V203C8T6\src\BambuBus.cpp.o
                0x0000000020000718                BambuBus_address
 *fill*         0x000000002000071a        0x2 
 .sbss.BambuBus_have_data
                0x000000002000071c        0x4 .pio\build\genericCH32V203C8T6\src\BambuBus.cpp.o
                0x000000002000071c                BambuBus_have_data
 .sbss.Bambubus_need_to_save
                0x0000000020000720        0x1 .pio\build\genericCH32V203C8T6\src\BambuBus.cpp.o
                0x0000000020000720                Bambubus_need_to_save
 *fill*         0x0000000020000721        0x7 
 .sbss._ZZ10set_motionhhhhE9time_last
                0x0000000020000728        0x8 .pio\build\genericCH32V203C8T6\src\BambuBus.cpp.o
 .sbss._ZZ12BambuBus_runE8time_set
                0x0000000020000730        0x8 .pio\build\genericCH32V203C8T6\src\BambuBus.cpp.o
 .sbss.filament_flag_detected
                0x0000000020000738        0x1 .pio\build\genericCH32V203C8T6\src\BambuBus.cpp.o
                0x0000000020000738                filament_flag_detected
 *fill*         0x0000000020000739        0x3 
 .sbss.last_detect
                0x000000002000073c        0x4 .pio\build\genericCH32V203C8T6\src\BambuBus.cpp.o
                0x000000002000073c                last_detect
 .sbss.long_packge_MC_online
                0x0000000020000740        0x6 .pio\build\genericCH32V203C8T6\src\BambuBus.cpp.o
                0x0000000020000740                long_packge_MC_online
 .sbss.need_debug
                0x0000000020000746        0x1 .pio\build\genericCH32V203C8T6\src\BambuBus.cpp.o
                0x0000000020000746                need_debug
 .sbss.package_num
                0x0000000020000747        0x1 .pio\build\genericCH32V203C8T6\src\BambuBus.cpp.o
                0x0000000020000747                package_num
 .sbss._ZZN14_MOTOR_CONTROL3runEfE9time_last
                0x0000000020000748        0x8 .pio\build\genericCH32V203C8T6\src\Motion_control.cpp.o
                0x0000000020000748                _MOTOR_CONTROL::run(float)::time_last
 .sbss.ONLINE_key_stu
                0x0000000020000750        0x4 .pio\build\genericCH32V203C8T6\src\Motion_control.cpp.o
                0x0000000020000750                ONLINE_key_stu
 .sbss.ONLINE_key_stu_raw
                0x0000000020000754        0x4 .pio\build\genericCH32V203C8T6\src\Motion_control.cpp.o
                0x0000000020000754                ONLINE_key_stu_raw
 .sbss.PULL_key_stu
                0x0000000020000758        0x4 .pio\build\genericCH32V203C8T6\src\Motion_control.cpp.o
                0x0000000020000758                PULL_key_stu
 *fill*         0x000000002000075c        0x4 
 .sbss._ZZ19motor_motion_switchvE8time_end
                0x0000000020000760        0x8 .pio\build\genericCH32V203C8T6\src\Motion_control.cpp.o
 .sbss._ZZ22AS5600_distance_updatavE9time_last
                0x0000000020000768        0x8 .pio\build\genericCH32V203C8T6\src\Motion_control.cpp.o
 .sbss._ZZ4loopE5error
                0x0000000020000770        0x4 .pio\build\genericCH32V203C8T6\src\main.cpp.o
 *fill*         0x0000000020000774        0x4 
 .sbss._time64_time_H
                0x0000000020000778        0x8 .pio\build\genericCH32V203C8T6\src\time64.cpp.o
                0x0000000020000778                _time64_time_H
 .sbss._time64_time_L
                0x0000000020000780        0x4 .pio\build\genericCH32V203C8T6\src\time64.cpp.o
                0x0000000020000780                _time64_time_L
 *fill*         0x0000000020000784        0x4 
 .sbss.msTick   0x0000000020000788        0x8 .pio\build\genericCH32V203C8T6\libFrameworkArduino.a(clock.c.o)
                0x0000000020000788                msTick
 .sbss.MCU_Version
                0x0000000020000790        0x1 .pio\build\genericCH32V203C8T6\libFrameworkArduino.a(ch32yyxx_gpio.c.o)
                0x0000000020000790                MCU_Version
 *fill*         0x0000000020000791        0x3 
 .sbss.NVIC_Priority_Group
                0x0000000020000794        0x4 .pio\build\genericCH32V203C8T6\libFrameworkArduino.a(ch32yyxx_misc.c.o)
                0x0000000020000794                NVIC_Priority_Group
 .sbss._ZN12_GLOBAL__N_113__new_handlerE
                0x0000000020000798        0x4 c:/users/hoang/.platformio/packages/toolchain-riscv/bin/../lib/gcc/riscv-none-embed/8.2.0/../../../../riscv-none-embed/lib/rv32imacxw/ilp32\libstdc++_nano.a(new_handler.o)
 .sbss.__malloc_free_list
                0x000000002000079c        0x4 c:/users/hoang/.platformio/packages/toolchain-riscv/bin/../lib/gcc/riscv-none-embed/8.2.0/../../../../riscv-none-embed/lib/rv32imacxw/ilp32\libc_nano.a(lib_a-nano-mallocr.o)
                0x000000002000079c                __malloc_free_list
 .sbss.__malloc_sbrk_start
                0x00000000200007a0        0x4 c:/users/hoang/.platformio/packages/toolchain-riscv/bin/../lib/gcc/riscv-none-embed/8.2.0/../../../../riscv-none-embed/lib/rv32imacxw/ilp32\libc_nano.a(lib_a-nano-mallocr.o)
                0x00000000200007a0                __malloc_sbrk_start
 .sbss._global_atexit
                0x00000000200007a4        0x4 c:/users/hoang/.platformio/packages/toolchain-riscv/bin/../lib/gcc/riscv-none-embed/8.2.0/../../../../riscv-none-embed/lib/rv32imacxw/ilp32\libc_nano.a(lib_a-__call_atexit.o)
                0x00000000200007a4                _global_atexit
 *(.gnu.linkonce.sb.*)
 *(.bss*)
 .bss.BambuBus_data_buf
                0x00000000200007a8      0x3e8 .pio\build\genericCH32V203C8T6\src\BambuBus.cpp.o
                0x00000000200007a8                BambuBus_data_buf
 .bss.Bambubus_DMA_InitStructure
                0x0000000020000b90       0x2c .pio\build\genericCH32V203C8T6\src\BambuBus.cpp.o
                0x0000000020000b90                Bambubus_DMA_InitStructure
 .bss._RX_IRQ_crcx
                0x0000000020000bbc        0xc .pio\build\genericCH32V203C8T6\src\BambuBus.cpp.o
                0x0000000020000bbc                _RX_IRQ_crcx
 .bss.buf_X     0x0000000020000bc8      0x3e8 .pio\build\genericCH32V203C8T6\src\BambuBus.cpp.o
                0x0000000020000bc8                buf_X
 .bss.crc_16    0x0000000020000fb0       0x10 .pio\build\genericCH32V203C8T6\src\BambuBus.cpp.o
                0x0000000020000fb0                crc_16
 .bss.crc_8     0x0000000020000fc0        0xc .pio\build\genericCH32V203C8T6\src\BambuBus.cpp.o
                0x0000000020000fc0                crc_8
 .bss.packge_send_buf
                0x0000000020000fcc      0x3e8 .pio\build\genericCH32V203C8T6\src\BambuBus.cpp.o
                0x0000000020000fcc                packge_send_buf
 .bss.printer_data_long
                0x00000000200013b4       0x11 .pio\build\genericCH32V203C8T6\src\BambuBus.cpp.o
                0x00000000200013b4                printer_data_long
 *fill*         0x00000000200013c5        0x3 
 .bss.Debug_log_DMA_InitStructure
                0x00000000200013c8       0x2c .pio\build\genericCH32V203C8T6\src\Debug_log.cpp.o
                0x00000000200013c8                Debug_log_DMA_InitStructure
 .bss.MC_AS5600
                0x00000000200013f4       0x30 .pio\build\genericCH32V203C8T6\src\Motion_control.cpp.o
                0x00000000200013f4                MC_AS5600
 *fill*         0x0000000020001424        0x4 
 .bss.MOTOR_CONTROL
                0x0000000020001428      0x100 .pio\build\genericCH32V203C8T6\src\Motion_control.cpp.o
                0x0000000020001428                MOTOR_CONTROL
 .bss.Motion_control_data_save
                0x0000000020001528       0x14 .pio\build\genericCH32V203C8T6\src\Motion_control.cpp.o
                0x0000000020001528                Motion_control_data_save
 *fill*         0x000000002000153c        0x4 
 .bss.ONLINE_key_stu_count
                0x0000000020001540       0x20 .pio\build\genericCH32V203C8T6\src\Motion_control.cpp.o
                0x0000000020001540                ONLINE_key_stu_count
 .bss.as5600_distance_save
                0x0000000020001560       0x10 .pio\build\genericCH32V203C8T6\src\Motion_control.cpp.o
                0x0000000020001560                as5600_distance_save
 .bss.filament_now_position
                0x0000000020001570       0x10 .pio\build\genericCH32V203C8T6\src\Motion_control.cpp.o
                0x0000000020001570                filament_now_position
 .bss.speed_as5600
                0x0000000020001580       0x10 .pio\build\genericCH32V203C8T6\src\Motion_control.cpp.o
                0x0000000020001580                speed_as5600
 .bss.RGBOUT    0x0000000020001590       0x50 .pio\build\genericCH32V203C8T6\src\main.cpp.o
                0x0000000020001590                RGBOUT
 .bss.SYS_RGB   0x00000000200015e0       0x14 .pio\build\genericCH32V203C8T6\src\main.cpp.o
                0x00000000200015e0                SYS_RGB
 .bss.Serial1   0x00000000200015f4       0x48 .pio\build\genericCH32V203C8T6\libFrameworkArduino.a(HardwareSerial.cpp.o)
                0x00000000200015f4                Serial1
 .bss.HardwareTimer_Handle
                0x000000002000163c       0x14 .pio\build\genericCH32V203C8T6\libFrameworkArduino.a(HardwareTimer.cpp.o)
                0x000000002000163c                HardwareTimer_Handle
 .bss.uart_handlers
                0x0000000020001650       0x10 .pio\build\genericCH32V203C8T6\libFrameworkArduino.a(uart.c.o)
 .bss.g_anOutputPinConfigured
                0x0000000020001660       0x14 .pio\build\genericCH32V203C8T6\libFrameworkArduino.a(wiring_analog.c.o)
                0x0000000020001660                g_anOutputPinConfigured
 .bss._global_atexit0
                0x0000000020001674       0x8c c:/users/hoang/.platformio/packages/toolchain-riscv/bin/../lib/gcc/riscv-none-embed/8.2.0/../../../../riscv-none-embed/lib/rv32imacxw/ilp32\libc_nano.a(lib_a-__atexit.o)
 *(.gnu.linkonce.b.*)
 *(COMMON*)
 COMMON         0x0000000020001700        0x4 c:/users/hoang/.platformio/packages/toolchain-riscv/bin/../lib/gcc/riscv-none-embed/8.2.0/../../../../riscv-none-embed/lib/rv32imacxw/ilp32\libc_nano.a(lib_a-reent.o)